Archive member included to satisfy reference by file (symbol)

/home/andrea/Desktop/Star-Os/glibc-2.38/build/libc_pic.a(check_fds.os)
                              /home/andrea/Desktop/Star-Os/glibc-2.38/build/elf/dl-allobjs.os (__libc_check_standard_fds)
/home/andrea/Desktop/Star-Os/glibc-2.38/build/libc_pic.a(errno.os)
                              /home/andrea/Desktop/Star-Os/glibc-2.38/build/libc_pic.a(check_fds.os) (__libc_errno)
/home/andrea/Desktop/Star-Os/glibc-2.38/build/libc_pic.a(setjmp.os)
                              /home/andrea/Desktop/Star-Os/glibc-2.38/build/elf/dl-allobjs.os (__sigsetjmp)
/home/andrea/Desktop/Star-Os/glibc-2.38/build/libc_pic.a(__longjmp.os)
                              /home/andrea/Desktop/Star-Os/glibc-2.38/build/elf/dl-allobjs.os (__longjmp)
/home/andrea/Desktop/Star-Os/glibc-2.38/build/libc_pic.a(lowlevellock.os)
                              /home/andrea/Desktop/Star-Os/glibc-2.38/build/elf/dl-allobjs.os (__lll_lock_wait_private)
/home/andrea/Desktop/Star-Os/glibc-2.38/build/libc_pic.a(scratch_buffer_set_array_size.os)
                              /home/andrea/Desktop/Star-Os/glibc-2.38/build/elf/dl-allobjs.os (__libc_scratch_buffer_set_array_size)
/home/andrea/Desktop/Star-Os/glibc-2.38/build/libc_pic.a(memchr.os)
                              /home/andrea/Desktop/Star-Os/glibc-2.38/build/elf/dl-allobjs.os (memchr)
/home/andrea/Desktop/Star-Os/glibc-2.38/build/libc_pic.a(memcmp.os)
                              /home/andrea/Desktop/Star-Os/glibc-2.38/build/elf/dl-allobjs.os (memcmp)
/home/andrea/Desktop/Star-Os/glibc-2.38/build/libc_pic.a(memcpy.os)
                              /home/andrea/Desktop/Star-Os/glibc-2.38/build/libc_pic.a(check_fds.os) (__GI_memcpy)
/home/andrea/Desktop/Star-Os/glibc-2.38/build/libc_pic.a(memmove.os)
                              /home/andrea/Desktop/Star-Os/glibc-2.38/build/elf/dl-allobjs.os (memmove)
/home/andrea/Desktop/Star-Os/glibc-2.38/build/libc_pic.a(mempcpy.os)
                              /home/andrea/Desktop/Star-Os/glibc-2.38/build/elf/dl-allobjs.os (__mempcpy)
/home/andrea/Desktop/Star-Os/glibc-2.38/build/libc_pic.a(memset.os)
                              /home/andrea/Desktop/Star-Os/glibc-2.38/build/elf/dl-allobjs.os (memset)
/home/andrea/Desktop/Star-Os/glibc-2.38/build/libc_pic.a(stpcpy.os)
                              /home/andrea/Desktop/Star-Os/glibc-2.38/build/elf/dl-allobjs.os (__stpcpy)
/home/andrea/Desktop/Star-Os/glibc-2.38/build/libc_pic.a(strchr.os)
                              /home/andrea/Desktop/Star-Os/glibc-2.38/build/elf/dl-allobjs.os (strchr)
/home/andrea/Desktop/Star-Os/glibc-2.38/build/libc_pic.a(strcmp.os)
                              /home/andrea/Desktop/Star-Os/glibc-2.38/build/elf/dl-allobjs.os (strcmp)
/home/andrea/Desktop/Star-Os/glibc-2.38/build/libc_pic.a(strcspn.os)
                              /home/andrea/Desktop/Star-Os/glibc-2.38/build/elf/dl-allobjs.os (strcspn)
/home/andrea/Desktop/Star-Os/glibc-2.38/build/libc_pic.a(strdup.os)
                              /home/andrea/Desktop/Star-Os/glibc-2.38/build/elf/dl-allobjs.os (__strdup)
/home/andrea/Desktop/Star-Os/glibc-2.38/build/libc_pic.a(strerrorname_np.os)
                              /home/andrea/Desktop/Star-Os/glibc-2.38/build/elf/dl-allobjs.os (strerrorname_np)
/home/andrea/Desktop/Star-Os/glibc-2.38/build/libc_pic.a(strlen.os)
                              /home/andrea/Desktop/Star-Os/glibc-2.38/build/elf/dl-allobjs.os (strlen)
/home/andrea/Desktop/Star-Os/glibc-2.38/build/libc_pic.a(strncmp.os)
                              /home/andrea/Desktop/Star-Os/glibc-2.38/build/elf/dl-allobjs.os (strncmp)
/home/andrea/Desktop/Star-Os/glibc-2.38/build/libc_pic.a(strnlen.os)
                              /home/andrea/Desktop/Star-Os/glibc-2.38/build/elf/dl-allobjs.os (strnlen)
/home/andrea/Desktop/Star-Os/glibc-2.38/build/libc_pic.a(memchr-avx2.os)
                              /home/andrea/Desktop/Star-Os/glibc-2.38/build/libc_pic.a(memchr.os) (__memchr_avx2)
/home/andrea/Desktop/Star-Os/glibc-2.38/build/libc_pic.a(memchr-avx2-rtm.os)
                              /home/andrea/Desktop/Star-Os/glibc-2.38/build/libc_pic.a(memchr.os) (__memchr_avx2_rtm)
/home/andrea/Desktop/Star-Os/glibc-2.38/build/libc_pic.a(memchr-evex.os)
                              /home/andrea/Desktop/Star-Os/glibc-2.38/build/libc_pic.a(memchr.os) (__memchr_evex)
/home/andrea/Desktop/Star-Os/glibc-2.38/build/libc_pic.a(memchr-evex-rtm.os)
                              /home/andrea/Desktop/Star-Os/glibc-2.38/build/libc_pic.a(memchr.os) (__memchr_evex_rtm)
/home/andrea/Desktop/Star-Os/glibc-2.38/build/libc_pic.a(memchr-sse2.os)
                              /home/andrea/Desktop/Star-Os/glibc-2.38/build/libc_pic.a(memchr.os) (__memchr_sse2)
/home/andrea/Desktop/Star-Os/glibc-2.38/build/libc_pic.a(memcmp-avx2-movbe.os)
                              /home/andrea/Desktop/Star-Os/glibc-2.38/build/libc_pic.a(memcmp.os) (__memcmp_avx2_movbe)
[...]
Memory Configuration

Name             Origin             Length             Attributes
*default*        0x0000000000000000 0xffffffffffffffff

Linker script and memory map

LOAD /home/andrea/Desktop/Star-Os/glibc-2.38/build/elf/librtld.mapT.o
START GROUP
LOAD /home/andrea/Desktop/Star-Os/glibc-2.38/build/elf/dl-allobjs.os
LOAD /home/andrea/Desktop/Star-Os/glibc-2.38/build/libc_pic.a
LOAD /usr/lib/gcc/x86_64-linux-gnu/13/libgcc.a
END GROUP

.interp
 *(.interp)

.note.gnu.build-id
 *(.note.gnu.build-id)

.hash
 *(.hash)

.gnu.hash
 *(.gnu.hash)

.dynsym
 *(.dynsym)

.dynstr
 *(.dynstr)

.gnu.version
 *(.gnu.version)

.gnu.version_d
 *(.gnu.version_d)

.gnu.version_r
 *(.gnu.version_r)

.rela.init
 *(.rela.init)

.rela.text
 *(.rela.text)

.rela.fini
 *(.rela.fini)

.rela.rodata
 *(.rela.rodata)

.rela.data.rel.ro
 *(.rela.data.rel.ro)

.rela.data
 *(.rela.data)

.rela.tdata
 *(.rela.tdata)

.rela.tbss
 *(.rela.tbss)

.rela.ctors
 *(.rela.ctors)

.rela.dtors
 *(.rela.dtors)

.rela.got
 *(.rela.got)

.rela.bss
 *(.rela.bss)

.rela.ldata
 *(.rela.ldata)

.rela.lbss
 *(.rela.lbss)

.rela.lrodata
 *(.rela.lrodata)

.rela.ifunc
 *(.rela.ifunc)

.rela.plt
 *(.rela.plt)

.relr.dyn
 *(.relr.dyn)

.init
 *(SORT_NONE(.init))

.plt
 *(.plt)

.plt.got
 *(.plt.got)

.plt.sec
 *(.plt.sec)

.text           0x0000000000000000    0x26724
 *(.text .stub)
 .text          0x0000000000000000        0x0 /home/andrea/Desktop/Star-Os/glibc-2.38/build/elf/librtld.mapT.o
                0x0000000000000000                __stack_chk_fail_local
                0x0000000000000000                malloc
                0x0000000000000000                __libc_assert_fail
                0x0000000000000000                __stack_chk_fail
                0x0000000000000000                calloc
                0x0000000000000000                __GI___pthread_enable_asynccancel
                0x0000000000000000                realloc
                0x0000000000000000                __GI___pthread_disable_asynccancel
                0x0000000000000000                __pthread_enable_asynccancel
                0x0000000000000000                __pthread_disable_asynccancel
                0x0000000000000000                free
 .text          0x0000000000000000    0x1fb84 /home/andrea/Desktop/Star-Os/glibc-2.38/build/elf/dl-allobjs.os
                0x0000000000000000                _dl_call_libc_early_init
                0x0000000000000090                _dl_call_fini
                0x00000000000001e0                _dl_signal_exception
                0x00000000000001e0                __GI__dl_signal_exception
                0x0000000000000240                __GI__dl_signal_error
                0x0000000000000240                _dl_signal_error
                0x00000000000002b0                _dl_signal_cexception
                0x0000000000000340                _dl_signal_cerror
                0x00000000000003c0                _dl_receive_error
                0x0000000000000460                _dl_catch_exception
                0x0000000000000460                __GI__dl_catch_exception
                0x00000000000005e0                _dl_catch_error
                0x0000000000000740                _dl_close_worker
                0x0000000000001540                _dl_close
                0x00000000000015b0                _dl_debug_state
                0x00000000000015b0                __GI__dl_debug_state
                0x00000000000015c0                _dl_debug_update
                0x0000000000001610                _dl_debug_initialize
                0x00000000000017c0                _dl_map_object_deps
                0x0000000000002830                _dl_error_free
                0x0000000000002860                _dl_exception_create
                0x0000000000002860                __GI__dl_exception_create
                0x0000000000002930                __GI__dl_exception_create_format
                0x0000000000002930                _dl_exception_create_format
                0x0000000000002da0                _dl_exception_free
                0x0000000000002da0                __GI__dl_exception_free
                0x0000000000002dd0                _dl_make_stacks_executable
                0x0000000000002f40                __GI___nptl_change_stack_perm
                0x0000000000002f40                __nptl_change_stack_perm
                0x0000000000003180                __GI__dl_find_object
                0x0000000000003180                _dl_find_object
                0x00000000000034c0                _dlfo_sort_mappings
                0x0000000000003570                _dl_find_object_init
                0x0000000000003720                _dl_find_object_update
                0x0000000000003c20                _dl_find_object_dlclose
                0x0000000000003cf0                _dl_find_object_freeres
                0x0000000000003d60                _dl_fini
                0x0000000000004160                _dl_init
                0x00000000000051a0                _dl_dst_count
                0x0000000000005250                _dl_dst_substitute
                0x00000000000059e0                _dl_init_paths
                0x0000000000005d60                _dl_process_pt_gnu_property
                0x00000000000076e0                _dl_map_object
                0x00000000000081d0                _dl_rtld_di_serinfo
                0x00000000000091c0                _dl_lookup_symbol_x
                0x0000000000009d60                _dl_lookup_direct
                0x0000000000009f00                __minimal_malloc
                0x000000000000a020                __minimal_calloc
                0x000000000000a060                __minimal_free
                0x000000000000a0a0                __minimal_realloc
                0x000000000000a130                _dl_sysdep_read_whole_file
                0x000000000000a1c0                _dl_name_match_p
                0x000000000000a230                _dl_higher_prime_number
                0x000000000000a280                _dl_strtoul
                0x000000000000a3e0                _dl_add_to_namespace_list
                0x000000000000a480                _dl_new_object
                0x000000000000aca0                __GI__dl_find_dso_for_object
                0x000000000000aca0                _dl_find_dso_for_object
                0x000000000000ad70                _dl_open
                0x000000000000b070                _dl_show_scope
                0x000000000000bbe0                _dl_get_origin
                0x000000000000c3c0                _dl_debug_printf
                0x000000000000c470                _dl_debug_printf_c
                0x000000000000c520                _dl_dprintf
                0x000000000000c5c0                _dl_printf
                0x000000000000c670                _dl_error_printf
                0x000000000000c720                _dl_fatal_printf
                0x000000000000c720                __GI__dl_fatal_printf
                0x000000000000c7d0                _dl_start_profile
                0x000000000000cf80                __GI__dl_mcount
                0x000000000000cf80                _dl_mcount
                0x000000000000d190                _dl_try_allocate_static_tls
                0x000000000000d2b0                _dl_allocate_static_tls
                0x000000000000d2f0                _dl_protect_relro
                0x000000000000d360                _dl_reloc_bad_type
                0x000000000000d440                _dl_relocate_object
                0x000000000000f7e0                _dl_fixup
                0x000000000000faa0                _dl_profile_fixup
                0x000000000000fdf0                _dl_scope_free
                0x000000000000fec0                _dl_setup_hash
                0x0000000000010060                _dl_sort_maps_init
                0x0000000000010090                _dl_sort_maps
                0x00000000000105b0                __thread_gscope_wait
                0x0000000000010a40                _dl_tls_static_surplus_init
                0x0000000000010ae0                _dl_assign_tls_modid
                0x0000000000010bf0                _dl_count_modids
                0x0000000000010c60                _dl_determine_tlsoffset
                0x0000000000010e20                _dl_get_tls_static_info
                0x0000000000010e40                _dl_allocate_tls_storage
                0x0000000000010f10                __GI__dl_allocate_tls_init
                0x0000000000010f10                _dl_allocate_tls_init
                0x00000000000111b0                __GI__dl_allocate_tls
                0x00000000000111b0                _dl_allocate_tls
                0x00000000000111f0                _dl_deallocate_tls
                0x00000000000111f0                __GI__dl_deallocate_tls
                0x0000000000011280                _dl_update_slotinfo
                0x00000000000114e0                __GI___tls_get_addr
                0x00000000000114e0                ___tls_get_addr
                0x0000000000011520                _dl_tls_get_addr_soft
                0x00000000000115a0                _dl_add_to_slotinfo
                0x00000000000116b0                _dl_init_static_tls
                0x00000000000117e0                __tls_get_addr_slow
                0x0000000000011820                __tls_pre_init_tp
                0x0000000000011880                __tls_init_tp
                0x00000000000119c0                _dl_runtime_profile_sse
                0x0000000000011b50                _dl_runtime_resolve_fxsave
                0x0000000000011bd0                _dl_runtime_resolve_xsave
                0x0000000000011ca0                _dl_runtime_resolve_xsavec
                0x0000000000011e50                __GI___tunable_set_val
                0x0000000000011e70                __GI___tunables_init
                0x0000000000012470                __GI___tunables_print
                0x0000000000012580                __tunable_get_val
                0x0000000000012580                __GI___tunable_get_val
                0x00000000000125f0                _dl_check_map_versions
                0x0000000000012eb0                _dl_check_all_versions
                0x0000000000012f20                _dl_write
                0x0000000000012f30                _dl_cache_libcmp
                0x0000000000013720                _dl_load_cache_lookup
                0x0000000000013ab0                _dl_unload_cache
                0x0000000000013b00                _dl_make_tlsdesc_dynamic
                0x0000000000013da0                _dl_unmap
                0x0000000000013e20                _dl_tlsdesc_return
                0x0000000000013e30                _dl_tlsdesc_undefweak
                0x0000000000013e50                _dl_tlsdesc_dynamic
                0x0000000000013ef0                __tls_get_addr
                0x0000000000016220                __x86_cpu_features
                0x0000000000016250                _dl_x86_init_cpu_features
                0x0000000000016270                _dl_x86_get_cpu_features
                0x0000000000016710                _dl_cet_open_check
                0x0000000000016720                _dl_cet_check
                0x0000000000016730                _dl_audit_activity_map
                0x00000000000167c0                _dl_audit_activity_nsid
                0x0000000000016800                _dl_audit_objsearch
                0x00000000000168b0                _dl_audit_objopen
                0x0000000000016970                _dl_audit_objclose
                0x0000000000016a10                _dl_audit_preinit
                0x0000000000016a90                _dl_audit_symbind_alt
                0x0000000000016a90                __GI__dl_audit_symbind_alt
                0x0000000000016c40                _dl_audit_symbind
                0x0000000000016ef0                _dl_audit_pltenter
                0x0000000000017100                _dl_audit_pltexit
                0x00000000000172e0                _dl_diagnostics_print_string
                0x0000000000017360                _dl_diagnostics_print_labeled_string
                0x00000000000173b0                _dl_diagnostics_print_labeled_value
                0x00000000000173d0                _dl_print_diagnostics
                0x00000000000177d0                _dl_diagnostics_cpu
                0x0000000000017f10                _dl_diagnostics_kernel
                0x0000000000017fc0                _dl_next_ld_env_entry
                0x0000000000018010                unsetenv
                0x0000000000018140                _dl_important_hwcaps
                0x00000000000184d0                _dl_hwcaps_subdirs_active
                0x0000000000018590                _dl_hwcaps_split
                0x0000000000018630                _dl_hwcaps_contains
                0x00000000000186f0                _dl_hwcaps_split_masked
                0x0000000000018730                __rtld_libc_freeres
                0x0000000000018740                __rtld_malloc_init_stubs
                0x0000000000018780                __sigjmp_save
                0x0000000000018790                __strerror_r
                0x0000000000018880                __GI___libc_fatal
                0x0000000000018880                __libc_fatal
                0x00000000000188a0                __GI___chk_fail
                0x00000000000188a0                __chk_fail
                0x00000000000188c0                __GI___assert_fail
                0x00000000000188c0                __assert_fail
                0x0000000000018900                __rtld_malloc_is_complete
                0x0000000000018a10                __rtld_malloc_init_real
                0x0000000000018b00                __GI___assert_perror_fail
                0x0000000000018b00                __assert_perror_fail
                0x0000000000018b60                _itoa
                0x0000000000018bc0                __strsep
                0x0000000000018bc0                strsep
                0x0000000000018bc0                __strsep_g
                0x0000000000018c40                __rtld_mutex_init
                0x0000000000018ec0                _dl_tunable_set_hwcaps
                0x0000000000019a60                _dl_tunable_set_x86_ibt
                0x0000000000019ae0                _dl_tunable_set_x86_shstk
                0x0000000000019b60                _dl_sysdep_start
                0x0000000000019c20                _dl_sysdep_start_cleanup
                0x0000000000019c30                _dl_show_auxv
                0x0000000000019e80                _dl_usage
                0x0000000000019ed0                _dl_version
                0x0000000000019ef0                _dl_help
                0x000000000001a1b0                _start
                0x000000000001a1b8                _dl_start_user
                0x000000000001b550                handle_preload_list
                0x000000000001f310                __brk
                0x000000000001f310                brk
                0x000000000001f340                __getcwd
                0x000000000001f340                getcwd
                0x000000000001f940                openat64
                0x000000000001f9a0                __alloc_dir
                0x000000000001fa70                __opendir
                0x000000000001fa70                opendir
                0x000000000001fb00                sbrk
                0x000000000001fb00                __sbrk
 *fill*         0x000000000001fb84        0xc 
 .text          0x000000000001fb90       0xe6 /home/andrea/Desktop/Star-Os/glibc-2.38/build/libc_pic.a(check_fds.os)
                0x000000000001fc40                __libc_check_standard_fds
 .text          0x000000000001fc76        0x0 /home/andrea/Desktop/Star-Os/glibc-2.38/build/libc_pic.a(errno.os)
 *fill*         0x000000000001fc76        0xa 
 .text          0x000000000001fc80       0x72 /home/andrea/Desktop/Star-Os/glibc-2.38/build/libc_pic.a(setjmp.os)
                0x000000000001fc80                __sigsetjmp
                0x000000000001fc80                __GI___sigsetjmp
 *fill*         0x000000000001fcf2        0xe 
 .text          0x000000000001fd00       0x8e /home/andrea/Desktop/Star-Os/glibc-2.38/build/libc_pic.a(__longjmp.os)
                0x000000000001fd00                __longjmp
 *fill*         0x000000000001fd8e        0x2 
 .text          0x000000000001fd90       0xf8 /home/andrea/Desktop/Star-Os/glibc-2.38/build/libc_pic.a(lowlevellock.os)
                0x000000000001fd90                __GI___lll_lock_wait_private
                0x000000000001fd90                __lll_lock_wait_private
                0x000000000001fdf0                __lll_lock_wait
                0x000000000001fdf0                __GI___lll_lock_wait
                0x000000000001fe50                __lll_lock_wake_private
                0x000000000001fe50                __GI___lll_lock_wake_private
                0x000000000001fe70                __lll_lock_wake
                0x000000000001fe70                __GI___lll_lock_wake
 *fill*         0x000000000001fe88        0x8 
 .text          0x000000000001fe90       0xa5 /home/andrea/Desktop/Star-Os/glibc-2.38/build/libc_pic.a(scratch_buffer_set_array_size.os)
                0x000000000001fe90                __libc_scratch_buffer_set_array_size
                0x000000000001fe90                __GI___libc_scratch_buffer_set_array_size
 *fill*         0x000000000001ff35        0xb 
 .text          0x000000000001ff40       0x7d /home/andrea/Desktop/Star-Os/glibc-2.38/build/libc_pic.a(memchr.os)
                0x000000000001ff40                __GI_memchr
                0x000000000001ff40                memchr
                0x000000000001ff40                __memchr
 *fill*         0x000000000001ffbd        0x3 
 .text          0x000000000001ffc0       0x71 /home/andrea/Desktop/Star-Os/glibc-2.38/build/libc_pic.a(memcmp.os)
                0x000000000001ffc0                bcmp
                0x000000000001ffc0                __GI_memcmp
                0x000000000001ffc0                memcmp
 *fill*         0x0000000000020031        0xf 
 .text          0x0000000000020040      0x111 /home/andrea/Desktop/Star-Os/glibc-2.38/build/libc_pic.a(memcpy.os)
                0x0000000000020040                __GI_memcpy
                0x0000000000020040                __new_memcpy
                0x0000000000020040                memcpy@@GLIBC_2.14
 *fill*         0x0000000000020151        0xf 
 .text          0x0000000000020160      0x111 /home/andrea/Desktop/Star-Os/glibc-2.38/build/libc_pic.a(memmove.os)
                0x0000000000020160                memmove
                0x0000000000020160                __GI_memmove
                0x0000000000020160                __libc_memmove
 *fill*         0x0000000000020271        0xf 
 .text          0x0000000000020280      0x111 /home/andrea/Desktop/Star-Os/glibc-2.38/build/libc_pic.a(mempcpy.os)
                0x0000000000020280                mempcpy
                0x0000000000020280                __GI_mempcpy
                0x0000000000020280                __mempcpy
                0x0000000000020280                __GI___mempcpy
 *fill*         0x0000000000020391        0xf 
 .text          0x00000000000203a0       0xed /home/andrea/Desktop/Star-Os/glibc-2.38/build/libc_pic.a(memset.os)
                0x00000000000203a0                __GI_memset
                0x00000000000203a0                memset
 *fill*         0x000000000002048d        0x3 
 .text          0x0000000000020490       0x70 /home/andrea/Desktop/Star-Os/glibc-2.38/build/libc_pic.a(stpcpy.os)
                0x0000000000020490                stpcpy
                0x0000000000020490                __GI_stpcpy
                0x0000000000020490                __stpcpy
                0x0000000000020490                __GI___stpcpy
 .text          0x0000000000020500       0x78 /home/andrea/Desktop/Star-Os/glibc-2.38/build/libc_pic.a(strchr.os)
                0x0000000000020500                __GI_strchr
                0x0000000000020500                index
                0x0000000000020500                strchr
 *fill*         0x0000000000020578        0x8 
 .text          0x0000000000020580       0x88 /home/andrea/Desktop/Star-Os/glibc-2.38/build/libc_pic.a(strcmp.os)
                0x0000000000020580                __GI_strcmp
                0x0000000000020580                strcmp
 *fill*         0x0000000000020608        0x8 
 .text          0x0000000000020610       0x25 /home/andrea/Desktop/Star-Os/glibc-2.38/build/libc_pic.a(strcspn.os)
                0x0000000000020610                strcspn
                0x0000000000020610                __GI_strcspn
 *fill*         0x0000000000020635        0xb 
 .text          0x0000000000020640       0x3d /home/andrea/Desktop/Star-Os/glibc-2.38/build/libc_pic.a(strdup.os)
                0x0000000000020640                __GI___strdup
                0x0000000000020640                __strdup
                0x0000000000020640                strdup
 *fill*         0x000000000002067d        0x3 
 .text          0x0000000000020680        0x9 /home/andrea/Desktop/Star-Os/glibc-2.38/build/libc_pic.a(strerrorname_np.os)
                0x0000000000020680                strerrorname_np
 *fill*         0x0000000000020689        0x7 
 .text          0x0000000000020690       0x81 /home/andrea/Desktop/Star-Os/glibc-2.38/build/libc_pic.a(strlen.os)
                0x0000000000020690                strlen
                0x0000000000020690                __GI_strlen
 *fill*         0x0000000000020711        0xf 
 .text          0x0000000000020720       0x91 /home/andrea/Desktop/Star-Os/glibc-2.38/build/libc_pic.a(strncmp.os)
                0x0000000000020720                __GI_strncmp
                0x0000000000020720                strncmp
 *fill*         0x00000000000207b1        0xf 
 .text          0x00000000000207c0       0x81 /home/andrea/Desktop/Star-Os/glibc-2.38/build/libc_pic.a(strnlen.os)
                0x00000000000207c0                __strnlen
                0x00000000000207c0                strnlen
                0x00000000000207c0                __GI___strnlen
                0x00000000000207c0                __GI_strnlen
 .text          0x0000000000020841        0x0 /home/andrea/Desktop/Star-Os/glibc-2.38/build/libc_pic.a(memchr-avx2.os)
 .text          0x0000000000020841        0x0 /home/andrea/Desktop/Star-Os/glibc-2.38/build/libc_pic.a(memchr-avx2-rtm.os)
 .text          0x0000000000020841        0x0 /home/andrea/Desktop/Star-Os/glibc-2.38/build/libc_pic.a(memchr-evex.os)
 .text          0x0000000000020841        0x0 /home/andrea/Desktop/Star-Os/glibc-2.38/build/libc_pic.a(memchr-evex-rtm.os)
 *fill*         0x0000000000020841        0xf 
 .text          0x0000000000020850      0x323 /home/andrea/Desktop/Star-Os/glibc-2.38/build/libc_pic.a(memchr-sse2.os)
                0x0000000000020850                __memchr_sse2
 .text          0x0000000000020b73        0x0 /home/andrea/Desktop/Star-Os/glibc-2.38/build/libc_pic.a(memcmp-avx2-movbe.os)
 .text          0x0000000000020b73        0x0 /home/andrea/Desktop/Star-Os/glibc-2.38/build/libc_pic.a(memcmp-avx2-movbe-rtm.os)
 .text          0x0000000000020b73        0x0 /home/andrea/Desktop/Star-Os/glibc-2.38/build/libc_pic.a(memcmp-evex-movbe.os)
 *fill*         0x0000000000020b73        0xd 
 .text          0x0000000000020b80      0x2d0 /home/andrea/Desktop/Star-Os/glibc-2.38/build/libc_pic.a(memcmp-sse2.os)
                0x0000000000020b80                __memcmp_sse2
 .text          0x0000000000020e50        0x0 /home/andrea/Desktop/Star-Os/glibc-2.38/build/libc_pic.a(memmove-avx-unaligned-erms.os)
 .text          0x0000000000020e50        0x0 /home/andrea/Desktop/Star-Os/glibc-2.38/build/libc_pic.a(memmove-avx-unaligned-erms-rtm.os)
 .text          0x0000000000020e50        0x0 /home/andrea/Desktop/Star-Os/glibc-2.38/build/libc_pic.a(memmove-avx512-no-vzeroupper.os)
 .text          0x0000000000020e50        0x0 /home/andrea/Desktop/Star-Os/glibc-2.38/build/libc_pic.a(memmove-avx512-unaligned-erms.os)
 .text          0x0000000000020e50       0x71 /home/andrea/Desktop/Star-Os/glibc-2.38/build/libc_pic.a(memmove-erms.os)
                0x0000000000020e50                __mempcpy_chk_erms
                0x0000000000020e60                __mempcpy_erms
                0x0000000000020e80                __memcpy_chk_erms
                0x0000000000020e80                __memmove_chk_erms
                0x0000000000020e90                __memmove_erms
                0x0000000000020e90                __memcpy_erms
 .text          0x0000000000020ec1        0x0 /home/andrea/Desktop/Star-Os/glibc-2.38/build/libc_pic.a(memmove-evex-unaligned-erms.os)
 *fill*         0x0000000000020ec1       0x3f 
 .text          0x0000000000020f00      0x612 /home/andrea/Desktop/Star-Os/glibc-2.38/build/libc_pic.a(memmove-sse2-unaligned-erms.os)
                0x0000000000020f00                __mempcpy_chk_sse2_unaligned
                0x0000000000020f10                __mempcpy_sse2_unaligned
                0x0000000000020f20                __memcpy_chk_sse2_unaligned
                0x0000000000020f20                __memmove_chk_sse2_unaligned
                0x0000000000020f30                __memmove_sse2_unaligned
                0x0000000000020f30                __memcpy_sse2_unaligned
                0x0000000000020f30                memcpy@GLIBC_2.2.5
                0x0000000000020f60                __mempcpy_chk_sse2_unaligned_erms
                0x0000000000020f70                __mempcpy_sse2_unaligned_erms
                0x0000000000020f80                __memmove_chk_sse2_unaligned_erms
                0x0000000000020f80                __memcpy_chk_sse2_unaligned_erms
                0x0000000000020fc0                __memmove_sse2_unaligned_erms
                0x0000000000020fc0                __memcpy_sse2_unaligned_erms
 .text          0x0000000000021512        0x0 /home/andrea/Desktop/Star-Os/glibc-2.38/build/libc_pic.a(memmove-ssse3.os)
 .text          0x0000000000021512        0x0 /home/andrea/Desktop/Star-Os/glibc-2.38/build/libc_pic.a(memset-avx2-unaligned-erms.os)
 .text          0x0000000000021512        0x0 /home/andrea/Desktop/Star-Os/glibc-2.38/build/libc_pic.a(memset-avx2-unaligned-erms-rtm.os)
 .text          0x0000000000021512        0x0 /home/andrea/Desktop/Star-Os/glibc-2.38/build/libc_pic.a(memset-avx512-no-vzeroupper.os)
 .text          0x0000000000021512        0x0 /home/andrea/Desktop/Star-Os/glibc-2.38/build/libc_pic.a(memset-avx512-unaligned-erms.os)
 *fill*         0x0000000000021512        0xe 
 .text          0x0000000000021520       0x2d /home/andrea/Desktop/Star-Os/glibc-2.38/build/libc_pic.a(memset-erms.os)
                0x0000000000021520                __memset_chk_erms
                0x0000000000021530                __memset_erms
 .text          0x000000000002154d        0x0 /home/andrea/Desktop/Star-Os/glibc-2.38/build/libc_pic.a(memset-evex-unaligned-erms.os)
 *fill*         0x000000000002154d       0x33 
 .text          0x0000000000021580      0x1b9 /home/andrea/Desktop/Star-Os/glibc-2.38/build/libc_pic.a(memset-sse2-unaligned-erms.os)
                0x0000000000021580                __wmemset_chk_sse2_unaligned
                0x0000000000021590                __wmemset_sse2_unaligned
                0x00000000000215b0                __memset_chk_sse2_unaligned
                0x00000000000215c0                __memset_sse2_unaligned
                0x0000000000021600                __memset_chk_sse2_unaligned_erms
                0x0000000000021640                __memset_sse2_unaligned_erms
 .text          0x0000000000021739        0x0 /home/andrea/Desktop/Star-Os/glibc-2.38/build/libc_pic.a(stpcpy-avx2.os)
 .text          0x0000000000021739        0x0 /home/andrea/Desktop/Star-Os/glibc-2.38/build/libc_pic.a(stpcpy-avx2-rtm.os)
 .text          0x0000000000021739        0x0 /home/andrea/Desktop/Star-Os/glibc-2.38/build/libc_pic.a(stpcpy-evex.os)
 *fill*         0x0000000000021739        0x7 
 .text          0x0000000000021740       0xec /home/andrea/Desktop/Star-Os/glibc-2.38/build/libc_pic.a(stpcpy-sse2.os)
                0x0000000000021740                __stpcpy_sse2
 *fill*         0x000000000002182c        0x4 
 .text          0x0000000000021830      0x6c0 /home/andrea/Desktop/Star-Os/glibc-2.38/build/libc_pic.a(stpcpy-sse2-unaligned.os)
                0x0000000000021830                __stpcpy_sse2_unaligned
 .text          0x0000000000021ef0        0x0 /home/andrea/Desktop/Star-Os/glibc-2.38/build/libc_pic.a(strchr-avx2.os)
 .text          0x0000000000021ef0        0x0 /home/andrea/Desktop/Star-Os/glibc-2.38/build/libc_pic.a(strchr-avx2-rtm.os)
 .text          0x0000000000021ef0        0x0 /home/andrea/Desktop/Star-Os/glibc-2.38/build/libc_pic.a(strchr-evex.os)
 .text          0x0000000000021ef0      0x22a /home/andrea/Desktop/Star-Os/glibc-2.38/build/libc_pic.a(strchr-sse2.os)
                0x0000000000021ef0                __strchr_sse2
 .text          0x000000000002211a        0x0 /home/andrea/Desktop/Star-Os/glibc-2.38/build/libc_pic.a(strchr-sse2-no-bsf.os)
 .text          0x000000000002211a        0x0 /home/andrea/Desktop/Star-Os/glibc-2.38/build/libc_pic.a(strcmp-avx2.os)
 .text          0x000000000002211a        0x0 /home/andrea/Desktop/Star-Os/glibc-2.38/build/libc_pic.a(strcmp-avx2-rtm.os)
 .text          0x000000000002211a        0x0 /home/andrea/Desktop/Star-Os/glibc-2.38/build/libc_pic.a(strcmp-evex.os)
 *fill*         0x000000000002211a        0x6 
 .text          0x0000000000022120     0x1449 /home/andrea/Desktop/Star-Os/glibc-2.38/build/libc_pic.a(strcmp-sse2.os)
                0x0000000000022120                __strcmp_sse2
 *fill*         0x0000000000023569        0x7 
 .text          0x0000000000023570      0x2a3 /home/andrea/Desktop/Star-Os/glibc-2.38/build/libc_pic.a(strcmp-sse2-unaligned.os)
                0x0000000000023570                __strcmp_sse2_unaligned
 .text          0x0000000000023813        0x0 /home/andrea/Desktop/Star-Os/glibc-2.38/build/libc_pic.a(strcmp-sse4_2.os)
 .text          0x0000000000023813        0x0 /home/andrea/Desktop/Star-Os/glibc-2.38/build/libc_pic.a(strcspn-sse4.os)
 .text          0x0000000000023813        0x0 /home/andrea/Desktop/Star-Os/glibc-2.38/build/libc_pic.a(strlen-avx2.os)
 .text          0x0000000000023813        0x0 /home/andrea/Desktop/Star-Os/glibc-2.38/build/libc_pic.a(strlen-avx2-rtm.os)
 .text          0x0000000000023813        0x0 /home/andrea/Desktop/Star-Os/glibc-2.38/build/libc_pic.a(strlen-evex.os)
 *fill*         0x0000000000023813        0xd 
 .text          0x0000000000023820      0x19c /home/andrea/Desktop/Star-Os/glibc-2.38/build/libc_pic.a(strlen-sse2.os)
                0x0000000000023820                __strlen_sse2
 .text          0x00000000000239bc        0x0 /home/andrea/Desktop/Star-Os/glibc-2.38/build/libc_pic.a(strncmp-avx2.os)
 .text          0x00000000000239bc        0x0 /home/andrea/Desktop/Star-Os/glibc-2.38/build/libc_pic.a(strncmp-avx2-rtm.os)
 .text          0x00000000000239bc        0x0 /home/andrea/Desktop/Star-Os/glibc-2.38/build/libc_pic.a(strncmp-evex.os)
 *fill*         0x00000000000239bc        0x4 
 .text          0x00000000000239c0     0x1859 /home/andrea/Desktop/Star-Os/glibc-2.38/build/libc_pic.a(strncmp-sse2.os)
                0x00000000000239c0                __strncmp_sse2
 .text          0x0000000000025219        0x0 /home/andrea/Desktop/Star-Os/glibc-2.38/build/libc_pic.a(strncmp-sse4_2.os)
 .text          0x0000000000025219        0x0 /home/andrea/Desktop/Star-Os/glibc-2.38/build/libc_pic.a(strnlen-avx2.os)
 .text          0x0000000000025219        0x0 /home/andrea/Desktop/Star-Os/glibc-2.38/build/libc_pic.a(strnlen-avx2-rtm.os)
 .text          0x0000000000025219        0x0 /home/andrea/Desktop/Star-Os/glibc-2.38/build/libc_pic.a(strnlen-evex.os)
 *fill*         0x0000000000025219        0x7 
 .text          0x0000000000025220      0x218 /home/andrea/Desktop/Star-Os/glibc-2.38/build/libc_pic.a(strnlen-sse2.os)
                0x0000000000025220                __strnlen_sse2
 .text          0x0000000000025438        0x0 /home/andrea/Desktop/Star-Os/glibc-2.38/build/libc_pic.a(varshift.os)
 *fill*         0x0000000000025438        0x8 
 .text          0x0000000000025440      0x167 /home/andrea/Desktop/Star-Os/glibc-2.38/build/libc_pic.a(strcspn-generic.os)
                0x0000000000025440                __strcspn_generic
 *fill*         0x00000000000255a7        0x9 
 .text          0x00000000000255b0      0x198 /home/andrea/Desktop/Star-Os/glibc-2.38/build/libc_pic.a(cacheinfo.os)
                0x00000000000255b0                __x86_cacheinfo
                0x0000000000025650                __cache_sysconf
 *fill*         0x0000000000025748        0x8 
 .text          0x0000000000025750       0x2d /home/andrea/Desktop/Star-Os/glibc-2.38/build/libc_pic.a(closedir.os)
                0x0000000000025750                __closedir
                0x0000000000025750                closedir
 *fill*         0x000000000002577d        0x3 
 .text          0x0000000000025780       0x76 /home/andrea/Desktop/Star-Os/glibc-2.38/build/libc_pic.a(rewinddir.os)
                0x0000000000025780                rewinddir
                0x0000000000025780                __rewinddir
                0x0000000000025780                __GI___rewinddir
 *fill*         0x00000000000257f6        0xa 
 .text          0x0000000000025800       0xd4 /home/andrea/Desktop/Star-Os/glibc-2.38/build/libc_pic.a(readdir64.os)
                0x0000000000025800                readdir
                0x0000000000025800                __readdir64
                0x0000000000025800                __readdir
                0x0000000000025800                __GI___readdir64
                0x0000000000025800                readdir64
 *fill*         0x00000000000258d4        0xc 
 .text          0x00000000000258e0       0x92 /home/andrea/Desktop/Star-Os/glibc-2.38/build/libc_pic.a(fdopendir.os)
                0x00000000000258e0                fdopendir
                0x00000000000258e0                __fdopendir
 *fill*         0x0000000000025972        0xe 
 .text          0x0000000000025980       0x2c /home/andrea/Desktop/Star-Os/glibc-2.38/build/libc_pic.a(_exit.os)
                0x0000000000025980                _Exit
                0x0000000000025980                __GI__exit
                0x0000000000025980                _exit
 *fill*         0x00000000000259ac        0x4 
 .text          0x00000000000259b0        0xc /home/andrea/Desktop/Star-Os/glibc-2.38/build/libc_pic.a(getpid.os)
                0x00000000000259b0                __getpid
                0x00000000000259b0                getpid
                0x00000000000259b0                __GI_getpid
                0x00000000000259b0                __GI___getpid
 *fill*         0x00000000000259bc        0x4 
 .text          0x00000000000259c0       0x25 /home/andrea/Desktop/Star-Os/glibc-2.38/build/libc_pic.a(uname.os)
                0x00000000000259c0                uname
                0x00000000000259c0                __GI_uname
                0x00000000000259c0                __uname
                0x00000000000259c0                __GI___uname
 .text          0x00000000000259e5        0x0 /home/andrea/Desktop/Star-Os/glibc-2.38/build/libc_pic.a(environ.os)
 *fill*         0x00000000000259e5        0xb 
 .text          0x00000000000259f0       0x2a /home/andrea/Desktop/Star-Os/glibc-2.38/build/libc_pic.a(access.os)
                0x00000000000259f0                __GI___access
                0x00000000000259f0                access
                0x00000000000259f0                __access
 *fill*         0x0000000000025a1a        0x6 
 .text          0x0000000000025a20       0x34 /home/andrea/Desktop/Star-Os/glibc-2.38/build/libc_pic.a(fstat64.os)
                0x0000000000025a20                __GI___fstat64
                0x0000000000025a20                fstat64
                0x0000000000025a20                fstat
                0x0000000000025a20                __fstat64
                0x0000000000025a20                __fstat
 *fill*         0x0000000000025a54        0xc 
 .text          0x0000000000025a60       0x32 /home/andrea/Desktop/Star-Os/glibc-2.38/build/libc_pic.a(fstatat64.os)
                0x0000000000025a60                fstatat
                0x0000000000025a60                __fstatat
                0x0000000000025a60                fstatat64
                0x0000000000025a60                __fstatat64
                0x0000000000025a60                __GI___fstatat
                0x0000000000025a60                __GI___fstatat64
 *fill*         0x0000000000025a92        0xe 
 .text          0x0000000000025aa0       0x2c /home/andrea/Desktop/Star-Os/glibc-2.38/build/libc_pic.a(lseek64.os)
                0x0000000000025aa0                __GI___lseek
                0x0000000000025aa0                __lseek64
                0x0000000000025aa0                lseek
                0x0000000000025aa0                __libc_lseek64
                0x0000000000025aa0                llseek@GLIBC_2.2.5
                0x0000000000025aa0                __lseek
                0x0000000000025aa0                __libc_lseek
                0x0000000000025aa0                lseek64
 *fill*         0x0000000000025acc        0x4 
 .text          0x0000000000025ad0       0x19 /home/andrea/Desktop/Star-Os/glibc-2.38/build/libc_pic.a(lstat64.os)
                0x0000000000025ad0                __lstat64
                0x0000000000025ad0                lstat
                0x0000000000025ad0                lstat64
                0x0000000000025ad0                __GI___lstat64
                0x0000000000025ad0                __lstat
 *fill*         0x0000000000025ae9        0x7 
 .text          0x0000000000025af0       0xf3 /home/andrea/Desktop/Star-Os/glibc-2.38/build/libc_pic.a(openat64.os)
                0x0000000000025af0                __openat64
                0x0000000000025af0                __GI___openat
                0x0000000000025af0                __GI___openat64
                0x0000000000025af0                __libc_openat64
                0x0000000000025af0                __openat
                0x0000000000025af0                openat
 *fill*         0x0000000000025be3        0xd 
 .text          0x0000000000025bf0       0x16 /home/andrea/Desktop/Star-Os/glibc-2.38/build/libc_pic.a(stat64.os)
                0x0000000000025bf0                stat64
                0x0000000000025bf0                __stat
                0x0000000000025bf0                __stat64
                0x0000000000025bf0                stat
                0x0000000000025bf0                __GI___stat64
 *fill*         0x0000000000025c06        0xa 
 .text          0x0000000000025c10       0x2a /home/andrea/Desktop/Star-Os/glibc-2.38/build/libc_pic.a(close_nocancel.os)
                0x0000000000025c10                __GI___close_nocancel
                0x0000000000025c10                __close_nocancel
 *fill*         0x0000000000025c3a        0x6 
 .text          0x0000000000025c40       0xde /home/andrea/Desktop/Star-Os/glibc-2.38/build/libc_pic.a(fcntl_nocancel.os)
                0x0000000000025c40                __fcntl64_nocancel
                0x0000000000025c40                __GI___fcntl64_nocancel
                0x0000000000025cc0                __fcntl64_nocancel_adjusted
 *fill*         0x0000000000025d1e        0x2 
 .text          0x0000000000025d20       0x7a /home/andrea/Desktop/Star-Os/glibc-2.38/build/libc_pic.a(open64_nocancel.os)
                0x0000000000025d20                __GI___open_nocancel
                0x0000000000025d20                __open_nocancel
                0x0000000000025d20                __GI___open64_nocancel
                0x0000000000025d20                __open64_nocancel
 *fill*         0x0000000000025d9a        0x6 
 .text          0x0000000000025da0       0x34 /home/andrea/Desktop/Star-Os/glibc-2.38/build/libc_pic.a(pread64_nocancel.os)
                0x0000000000025da0                __GI___pread64_nocancel
                0x0000000000025da0                __pread64_nocancel
 *fill*         0x0000000000025dd4        0xc 
 .text          0x0000000000025de0       0x2c /home/andrea/Desktop/Star-Os/glibc-2.38/build/libc_pic.a(read_nocancel.os)
                0x0000000000025de0                __read_nocancel
                0x0000000000025de0                __GI___read_nocancel
 *fill*         0x0000000000025e0c        0x4 
 .text          0x0000000000025e10       0x2c /home/andrea/Desktop/Star-Os/glibc-2.38/build/libc_pic.a(write_nocancel.os)
                0x0000000000025e10                __GI___write_nocancel
                0x0000000000025e10                __write_nocancel
 *fill*         0x0000000000025e3c        0x4 
 .text          0x0000000000025e40       0xb8 /home/andrea/Desktop/Star-Os/glibc-2.38/build/libc_pic.a(mmap64.os)
                0x0000000000025e40                __GI___mmap
                0x0000000000025e40                __mmap
                0x0000000000025e40                mmap
                0x0000000000025e40                __GI___mmap64
                0x0000000000025e40                __mmap64
                0x0000000000025e40                mmap64
 *fill*         0x0000000000025ef8        0x8 
 .text          0x0000000000025f00       0x25 /home/andrea/Desktop/Star-Os/glibc-2.38/build/libc_pic.a(mprotect.os)
                0x0000000000025f00                __mprotect
                0x0000000000025f00                __GI___mprotect
                0x0000000000025f00                __GI_mprotect
                0x0000000000025f00                mprotect
 *fill*         0x0000000000025f25        0xb 
 .text          0x0000000000025f30       0x25 /home/andrea/Desktop/Star-Os/glibc-2.38/build/libc_pic.a(munmap.os)
                0x0000000000025f30                munmap
                0x0000000000025f30                __GI___munmap
                0x0000000000025f30                __GI_munmap
                0x0000000000025f30                __munmap
 .text          0x0000000000025f55        0x0 /home/andrea/Desktop/Star-Os/glibc-2.38/build/libc_pic.a(single_threaded.os)
 *fill*         0x0000000000025f55        0xb 
 .text          0x0000000000025f60      0x1e2 /home/andrea/Desktop/Star-Os/glibc-2.38/build/libc_pic.a(profil.os)
                0x0000000000025fb0                __profil
                0x0000000000025fb0                profil
 *fill*         0x0000000000026142        0xe 
 .text          0x0000000000026150        0xf /home/andrea/Desktop/Star-Os/glibc-2.38/build/libc_pic.a(prof-freq.os)
                0x0000000000026150                __GI___profile_frequency
                0x0000000000026150                __profile_frequency
 *fill*         0x000000000002615f        0x1 
 .text          0x0000000000026160       0x7b /home/andrea/Desktop/Star-Os/glibc-2.38/build/libc_pic.a(dl-addr-obj.os)
                0x0000000000026160                _dl_addr_inside_object
 *fill*         0x00000000000261db        0x5 
 .text          0x00000000000261e0       0x34 /home/andrea/Desktop/Star-Os/glibc-2.38/build/libc_pic.a(sigaction.os)
                0x00000000000261e0                sigaction
                0x00000000000261e0                __GI___sigaction
                0x00000000000261e0                __sigaction
 *fill*         0x0000000000026214        0xc 
 .text          0x0000000000026220      0x1bb /home/andrea/Desktop/Star-Os/glibc-2.38/build/libc_pic.a(libc_sigaction.os)
                0x0000000000026240                __libc_sigaction
                0x0000000000026240                __GI___libc_sigaction
 *fill*         0x00000000000263db        0x5 
 .text          0x00000000000263e0       0x33 /home/andrea/Desktop/Star-Os/glibc-2.38/build/libc_pic.a(errname.os)
                0x00000000000263e0                __get_errname
 *fill*         0x0000000000026413        0xd 
 .text          0x0000000000026420       0x81 /home/andrea/Desktop/Star-Os/glibc-2.38/build/libc_pic.a(strchrnul.os)
                0x0000000000026420                __GI___strchrnul
                0x0000000000026420                __strchrnul
                0x0000000000026420                strchrnul
 .text          0x00000000000264a1        0x0 /home/andrea/Desktop/Star-Os/glibc-2.38/build/libc_pic.a(strchrnul-avx2.os)
 .text          0x00000000000264a1        0x0 /home/andrea/Desktop/Star-Os/glibc-2.38/build/libc_pic.a(strchrnul-avx2-rtm.os)
 .text          0x00000000000264a1        0x0 /home/andrea/Desktop/Star-Os/glibc-2.38/build/libc_pic.a(strchrnul-evex.os)
 *fill*         0x00000000000264a1        0xf 
 .text          0x00000000000264b0      0x20a /home/andrea/Desktop/Star-Os/glibc-2.38/build/libc_pic.a(strchrnul-sse2.os)
                0x00000000000264b0                __strchrnul_sse2
 *fill*         0x00000000000266ba        0x6 
 .text          0x00000000000266c0       0x2a /home/andrea/Desktop/Star-Os/glibc-2.38/build/libc_pic.a(setitimer.os)
                0x00000000000266c0                setitimer
                0x00000000000266c0                __setitimer
 *fill*         0x00000000000266ea        0x6 
 .text          0x00000000000266f0       0x34 /home/andrea/Desktop/Star-Os/glibc-2.38/build/libc_pic.a(getdents64.os)
                0x00000000000266f0                __getdents
                0x00000000000266f0                __GI___getdents64
                0x00000000000266f0                getdents64
                0x00000000000266f0                __getdents64
 *(.gnu.warning)

.text.evex512   0x0000000000000000      0xe68
 .text.evex512  0x0000000000000000      0x3fd /home/andrea/Desktop/Star-Os/glibc-2.38/build/elf/dl-allobjs.os
                0x0000000000000000                _dl_runtime_profile_avx512
 *fill*         0x00000000000003fd        0x3 
 .text.evex512  0x0000000000000400      0x880 /home/andrea/Desktop/Star-Os/glibc-2.38/build/libc_pic.a(memmove-avx512-unaligned-erms.os)
                0x0000000000000400                __mempcpy_chk_avx512_unaligned
                0x0000000000000410                __mempcpy_avx512_unaligned
                0x0000000000000420                __memcpy_chk_avx512_unaligned
                0x0000000000000420                __memmove_chk_avx512_unaligned
                0x0000000000000430                __memmove_avx512_unaligned
                0x0000000000000430                __memcpy_avx512_unaligned
                0x0000000000000470                __mempcpy_chk_avx512_unaligned_erms
                0x0000000000000480                __mempcpy_avx512_unaligned_erms
                0x0000000000000490                __memcpy_chk_avx512_unaligned_erms
                0x0000000000000490                __memmove_chk_avx512_unaligned_erms
                0x00000000000004c0                __memmove_avx512_unaligned_erms
                0x00000000000004c0                __memcpy_avx512_unaligned_erms
 .text.evex512  0x0000000000000c80      0x1e8 /home/andrea/Desktop/Star-Os/glibc-2.38/build/libc_pic.a(memset-avx512-unaligned-erms.os)
                0x0000000000000c80                __wmemset_chk_avx512_unaligned
                0x0000000000000c90                __wmemset_avx512_unaligned
                0x0000000000000cb0                __memset_chk_avx512_unaligned
                0x0000000000000cc0                __memset_avx512_unaligned
                0x0000000000000cf0                __memset_chk_avx512_unaligned_erms
                0x0000000000000d00                __memset_avx512_unaligned_erms

.text.avx       0x0000000000000000     0x2b24
 .text.avx      0x0000000000000000      0x3ef /home/andrea/Desktop/Star-Os/glibc-2.38/build/elf/dl-allobjs.os
                0x0000000000000000                _dl_runtime_profile_avx
 *fill*         0x00000000000003ef       0x11 
 .text.avx      0x0000000000000400      0x297 /home/andrea/Desktop/Star-Os/glibc-2.38/build/libc_pic.a(memchr-avx2.os)
                0x0000000000000400                __memchr_avx2
 *fill*         0x0000000000000697        0x9 
 .text.avx      0x00000000000006a0      0x3ff /home/andrea/Desktop/Star-Os/glibc-2.38/build/libc_pic.a(memcmp-avx2-movbe.os)
                0x00000000000006a0                __memcmp_avx2_movbe
 *fill*         0x0000000000000a9f       0x21 
 .text.avx      0x0000000000000ac0      0x79e /home/andrea/Desktop/Star-Os/glibc-2.38/build/libc_pic.a(memmove-avx-unaligned-erms.os)
                0x0000000000000ac0                __mempcpy_chk_avx_unaligned
                0x0000000000000ad0                __mempcpy_avx_unaligned
                0x0000000000000ae0                __memcpy_chk_avx_unaligned
                0x0000000000000ae0                __memmove_chk_avx_unaligned
                0x0000000000000af0                __memcpy_avx_unaligned
                0x0000000000000af0                __memmove_avx_unaligned
                0x0000000000000b30                __mempcpy_chk_avx_unaligned_erms
                0x0000000000000b40                __mempcpy_avx_unaligned_erms
                0x0000000000000b50                __memmove_chk_avx_unaligned_erms
                0x0000000000000b50                __memcpy_chk_avx_unaligned_erms
                0x0000000000000b80                __memcpy_avx_unaligned_erms
                0x0000000000000b80                __memmove_avx_unaligned_erms
 *fill*         0x000000000000125e       0x22 
 .text.avx      0x0000000000001280      0x1fd /home/andrea/Desktop/Star-Os/glibc-2.38/build/libc_pic.a(memset-avx2-unaligned-erms.os)
                0x0000000000001280                __wmemset_chk_avx2_unaligned
                0x0000000000001290                __wmemset_avx2_unaligned
                0x00000000000012c0                __memset_chk_avx2_unaligned
                0x00000000000012d0                __memset_avx2_unaligned
                0x0000000000001310                __memset_chk_avx2_unaligned_erms
                0x0000000000001340                __memset_avx2_unaligned_erms
 *fill*         0x000000000000147d        0x3 
 .text.avx      0x0000000000001480      0x251 /home/andrea/Desktop/Star-Os/glibc-2.38/build/libc_pic.a(stpcpy-avx2.os)
                0x0000000000001480                __stpcpy_avx2
 *fill*         0x00000000000016d1        0xf 
 .text.avx      0x00000000000016e0      0x23c /home/andrea/Desktop/Star-Os/glibc-2.38/build/libc_pic.a(strchr-avx2.os)
                0x00000000000016e0                __strchr_avx2
 *fill*         0x000000000000191c        0x4 
 .text.avx      0x0000000000001920      0x555 /home/andrea/Desktop/Star-Os/glibc-2.38/build/libc_pic.a(strcmp-avx2.os)
                0x0000000000001920                __strcmp_avx2
 *fill*         0x0000000000001e75        0xb 
 .text.avx      0x0000000000001e80      0x172 /home/andrea/Desktop/Star-Os/glibc-2.38/build/libc_pic.a(strlen-avx2.os)
                0x0000000000001e80                __strlen_avx2
 *fill*         0x0000000000001ff2        0xe 
 .text.avx      0x0000000000002000      0x64e /home/andrea/Desktop/Star-Os/glibc-2.38/build/libc_pic.a(strncmp-avx2.os)
                0x0000000000002000                __strncmp_avx2
 *fill*         0x000000000000264e       0x12 
 .text.avx      0x0000000000002660      0x2ce /home/andrea/Desktop/Star-Os/glibc-2.38/build/libc_pic.a(strnlen-avx2.os)
                0x0000000000002660                __strnlen_avx2
 *fill*         0x000000000000292e       0x12 
 .text.avx      0x0000000000002940      0x1e4 /home/andrea/Desktop/Star-Os/glibc-2.38/build/libc_pic.a(strchrnul-avx2.os)
                0x0000000000002940                __strchrnul_avx2

.text.compat    0x0000000000000000        0x5
 .text.compat   0x0000000000000000        0x5 /home/andrea/Desktop/Star-Os/glibc-2.38/build/elf/dl-allobjs.os
                0x0000000000000000                __rtld_version_placeholder_1
                0x0000000000000000                __rtld_version_placeholder@GLIBC_2.34

.text.avx.rtm   0x0000000000000000     0x2765
 .text.avx.rtm  0x0000000000000000      0x2b8 /home/andrea/Desktop/Star-Os/glibc-2.38/build/libc_pic.a(memchr-avx2-rtm.os)
                0x0000000000000000                __memchr_avx2_rtm
 *fill*         0x00000000000002b8        0x8 
 .text.avx.rtm  0x00000000000002c0      0x3ff /home/andrea/Desktop/Star-Os/glibc-2.38/build/libc_pic.a(memcmp-avx2-movbe-rtm.os)
                0x00000000000002c0                __memcmp_avx2_movbe_rtm
 *fill*         0x00000000000006bf        0x1 
 .text.avx.rtm  0x00000000000006c0      0x79f /home/andrea/Desktop/Star-Os/glibc-2.38/build/libc_pic.a(memmove-avx-unaligned-erms-rtm.os)
                0x00000000000006c0                __mempcpy_chk_avx_unaligned_rtm
                0x00000000000006d0                __mempcpy_avx_unaligned_rtm
                0x00000000000006e0                __memmove_chk_avx_unaligned_rtm
                0x00000000000006e0                __memcpy_chk_avx_unaligned_rtm
                0x00000000000006f0                __memcpy_avx_unaligned_rtm
                0x00000000000006f0                __memmove_avx_unaligned_rtm
                0x0000000000000730                __mempcpy_chk_avx_unaligned_erms_rtm
                0x0000000000000740                __mempcpy_avx_unaligned_erms_rtm
                0x0000000000000750                __memcpy_chk_avx_unaligned_erms_rtm
                0x0000000000000750                __memmove_chk_avx_unaligned_erms_rtm
                0x0000000000000780                __memmove_avx_unaligned_erms_rtm
                0x0000000000000780                __memcpy_avx_unaligned_erms_rtm
 *fill*         0x0000000000000e5f       0x21 
 .text.avx.rtm  0x0000000000000e80      0x1fd /home/andrea/Desktop/Star-Os/glibc-2.38/build/libc_pic.a(memset-avx2-unaligned-erms-rtm.os)
                0x0000000000000e80                __wmemset_chk_avx2_unaligned_rtm
                0x0000000000000e90                __wmemset_avx2_unaligned_rtm
                0x0000000000000ec0                __memset_chk_avx2_unaligned_rtm
                0x0000000000000ed0                __memset_avx2_unaligned_rtm
                0x0000000000000f10                __memset_chk_avx2_unaligned_erms_rtm
                0x0000000000000f40                __memset_avx2_unaligned_erms_rtm
 *fill*         0x000000000000107d        0x3 
 .text.avx.rtm  0x0000000000001080      0x24d /home/andrea/Desktop/Star-Os/glibc-2.38/build/libc_pic.a(stpcpy-avx2-rtm.os)
                0x0000000000001080                __stpcpy_avx2_rtm
 *fill*         0x00000000000012cd       0x13 
 .text.avx.rtm  0x00000000000012e0      0x22f /home/andrea/Desktop/Star-Os/glibc-2.38/build/libc_pic.a(strchr-avx2-rtm.os)
                0x00000000000012e0                __strchr_avx2_rtm
 *fill*         0x000000000000150f        0x1 
 .text.avx.rtm  0x0000000000001510      0x555 /home/andrea/Desktop/Star-Os/glibc-2.38/build/libc_pic.a(strcmp-avx2-rtm.os)
                0x0000000000001510                __strcmp_avx2_rtm
 *fill*         0x0000000000001a65       0x1b 
 .text.avx.rtm  0x0000000000001a80      0x16b /home/andrea/Desktop/Star-Os/glibc-2.38/build/libc_pic.a(strlen-avx2-rtm.os)
                0x0000000000001a80                __strlen_avx2_rtm
 *fill*         0x0000000000001beb        0x5 
 .text.avx.rtm  0x0000000000001bf0      0x67e /home/andrea/Desktop/Star-Os/glibc-2.38/build/libc_pic.a(strncmp-avx2-rtm.os)
                0x0000000000001bf0                __strncmp_avx2_rtm
 *fill*         0x000000000000226e       0x12 
 .text.avx.rtm  0x0000000000002280      0x2fc /home/andrea/Desktop/Star-Os/glibc-2.38/build/libc_pic.a(strnlen-avx2-rtm.os)
                0x0000000000002280                __strnlen_avx2_rtm
 *fill*         0x000000000000257c        0x4 
 .text.avx.rtm  0x0000000000002580      0x1e5 /home/andrea/Desktop/Star-Os/glibc-2.38/build/libc_pic.a(strchrnul-avx2-rtm.os)
                0x0000000000002580                __strchrnul_avx2_rtm

.text.evex      0x0000000000000000     0x2657
 .text.evex     0x0000000000000000      0x24f /home/andrea/Desktop/Star-Os/glibc-2.38/build/libc_pic.a(memchr-evex.os)
                0x0000000000000000                __memchr_evex
 *fill*         0x000000000000024f       0x31 
 .text.evex     0x0000000000000280      0x2fe /home/andrea/Desktop/Star-Os/glibc-2.38/build/libc_pic.a(memcmp-evex-movbe.os)
                0x0000000000000280                __memcmp_evex_movbe
 *fill*         0x000000000000057e        0x2 
 .text.evex     0x0000000000000580      0x87b /home/andrea/Desktop/Star-Os/glibc-2.38/build/libc_pic.a(memmove-evex-unaligned-erms.os)
                0x0000000000000580                __mempcpy_chk_evex_unaligned
                0x0000000000000590                __mempcpy_evex_unaligned
                0x00000000000005a0                __memcpy_chk_evex_unaligned
                0x00000000000005a0                __memmove_chk_evex_unaligned
                0x00000000000005b0                __memmove_evex_unaligned
                0x00000000000005b0                __memcpy_evex_unaligned
                0x00000000000005f0                __mempcpy_chk_evex_unaligned_erms
                0x0000000000000600                __mempcpy_evex_unaligned_erms
                0x0000000000000610                __memcpy_chk_evex_unaligned_erms
                0x0000000000000610                __memmove_chk_evex_unaligned_erms
                0x0000000000000640                __memmove_evex_unaligned_erms
                0x0000000000000640                __memcpy_evex_unaligned_erms
 *fill*         0x0000000000000dfb        0x5 
 .text.evex     0x0000000000000e00      0x1c8 /home/andrea/Desktop/Star-Os/glibc-2.38/build/libc_pic.a(memset-evex-unaligned-erms.os)
                0x0000000000000e00                __wmemset_chk_evex_unaligned
                0x0000000000000e10                __wmemset_evex_unaligned
                0x0000000000000e30                __memset_chk_evex_unaligned
                0x0000000000000e40                __memset_evex_unaligned
                0x0000000000000e70                __memset_chk_evex_unaligned_erms
                0x0000000000000e80                __memset_evex_unaligned_erms
 *fill*         0x0000000000000fc8        0x8 
 .text.evex     0x0000000000000fd0      0x2e0 /home/andrea/Desktop/Star-Os/glibc-2.38/build/libc_pic.a(stpcpy-evex.os)
                0x0000000000000fd0                __stpcpy_evex
 *fill*         0x00000000000012b0       0x10 
 .text.evex     0x00000000000012c0      0x1ff /home/andrea/Desktop/Star-Os/glibc-2.38/build/libc_pic.a(strchr-evex.os)
                0x00000000000012c0                __strchr_evex
 *fill*         0x00000000000014bf        0x1 
 .text.evex     0x00000000000014c0      0x553 /home/andrea/Desktop/Star-Os/glibc-2.38/build/libc_pic.a(strcmp-evex.os)
                0x00000000000014c0                __strcmp_evex
 *fill*         0x0000000000001a13       0x2d 
 .text.evex     0x0000000000001a40      0x15d /home/andrea/Desktop/Star-Os/glibc-2.38/build/libc_pic.a(strlen-evex.os)
                0x0000000000001a40                __strlen_evex
 *fill*         0x0000000000001b9d        0x3 
 .text.evex     0x0000000000001ba0      0x66c /home/andrea/Desktop/Star-Os/glibc-2.38/build/libc_pic.a(strncmp-evex.os)
                0x0000000000001ba0                __strncmp_evex
 *fill*         0x000000000000220c       0x34 
 .text.evex     0x0000000000002240      0x217 /home/andrea/Desktop/Star-Os/glibc-2.38/build/libc_pic.a(strnlen-evex.os)
                0x0000000000002240                __strnlen_evex
 *fill*         0x0000000000002457       0x29 
 .text.evex     0x0000000000002480      0x1d7 /home/andrea/Desktop/Star-Os/glibc-2.38/build/libc_pic.a(strchrnul-evex.os)
                0x0000000000002480                __strchrnul_evex

.text.evex.rtm  0x0000000000000000      0x24f
 .text.evex.rtm
                0x0000000000000000      0x24f /home/andrea/Desktop/Star-Os/glibc-2.38/build/libc_pic.a(memchr-evex-rtm.os)
                0x0000000000000000                __memchr_evex_rtm

.text.avx512    0x0000000000000000      0x9f4
 .text.avx512   0x0000000000000000      0x76f /home/andrea/Desktop/Star-Os/glibc-2.38/build/libc_pic.a(memmove-avx512-no-vzeroupper.os)
                0x0000000000000000                __mempcpy_chk_avx512_no_vzeroupper
                0x0000000000000010                __mempcpy_avx512_no_vzeroupper
                0x0000000000000020                __memcpy_chk_avx512_no_vzeroupper
                0x0000000000000020                __memmove_chk_avx512_no_vzeroupper
                0x0000000000000030                __memcpy_avx512_no_vzeroupper
                0x0000000000000030                __memmove_avx512_no_vzeroupper
 *fill*         0x000000000000076f        0x1 
 .text.avx512   0x0000000000000770      0x284 /home/andrea/Desktop/Star-Os/glibc-2.38/build/libc_pic.a(memset-avx512-no-vzeroupper.os)
                0x0000000000000770                __memset_chk_avx512_no_vzeroupper
                0x0000000000000780                __memset_avx512_no_vzeroupper

.text.ssse3     0x0000000000000000      0xf7d
 .text.ssse3    0x0000000000000000      0xf7d /home/andrea/Desktop/Star-Os/glibc-2.38/build/libc_pic.a(memmove-ssse3.os)
                0x0000000000000000                __mempcpy_chk_ssse3
                0x0000000000000010                __mempcpy_ssse3
                0x0000000000000020                __memcpy_chk_ssse3
                0x0000000000000020                __memmove_chk_ssse3
                0x0000000000000040                __memcpy_ssse3
                0x0000000000000040                __memmove_ssse3

.text.atom      0x0000000000000000      0x315
 .text.atom     0x0000000000000000      0x315 /home/andrea/Desktop/Star-Os/glibc-2.38/build/libc_pic.a(strchr-sse2-no-bsf.os)
                0x0000000000000000                __strchr_sse2_no_bsf

.text.sse4.2    0x0000000000000000     0x1ea9
 .text.sse4.2   0x0000000000000000      0xda9 /home/andrea/Desktop/Star-Os/glibc-2.38/build/libc_pic.a(strcmp-sse4_2.os)
                0x0000000000000000                __strcmp_sse42
 *fill*         0x0000000000000da9        0x7 
 .text.sse4.2   0x0000000000000db0      0x11b /home/andrea/Desktop/Star-Os/glibc-2.38/build/libc_pic.a(strcspn-sse4.os)
                0x0000000000000db0                __strcspn_sse42
 *fill*         0x0000000000000ecb        0x5 
 .text.sse4.2   0x0000000000000ed0      0xfd9 /home/andrea/Desktop/Star-Os/glibc-2.38/build/libc_pic.a(strncmp-sse4_2.os)
                0x0000000000000ed0                __strncmp_sse42

.fini
 *(SORT_NONE(.fini))

.rodata         0x0000000000000000     0x1875
 *(.rodata)
 .rodata        0x0000000000000000     0x1192 /home/andrea/Desktop/Star-Os/glibc-2.38/build/elf/dl-allobjs.os
 .rodata        0x0000000000001192       0x80 /home/andrea/Desktop/Star-Os/glibc-2.38/build/libc_pic.a(stpcpy-sse2-unaligned.os)
 *fill*         0x0000000000001212        0x6 
 .rodata        0x0000000000001218       0x40 /home/andrea/Desktop/Star-Os/glibc-2.38/build/libc_pic.a(strcmp-sse2.os)
 .rodata        0x0000000000001258       0x40 /home/andrea/Desktop/Star-Os/glibc-2.38/build/libc_pic.a(strncmp-sse2.os)
 *fill*         0x0000000000001298        0x8 
 .rodata        0x00000000000012a0       0x1f /home/andrea/Desktop/Star-Os/glibc-2.38/build/libc_pic.a(varshift.os)
                0x00000000000012a0                ___m128i_shift_right
 *fill*         0x00000000000012bf        0x1 
 .rodata        0x00000000000012c0       0x34 /home/andrea/Desktop/Star-Os/glibc-2.38/build/libc_pic.a(cacheinfo.os)
 *fill*         0x00000000000012f4        0xc 
 .rodata        0x0000000000001300      0x575 /home/andrea/Desktop/Star-Os/glibc-2.38/build/libc_pic.a(errname.os)

.rodata.str1.1  0x0000000000000000     0x183d
 .rodata.str1.1
                0x0000000000000000     0x1828 /home/andrea/Desktop/Star-Os/glibc-2.38/build/elf/dl-allobjs.os
 .rodata.str1.1
                0x0000000000001828       0x14 /home/andrea/Desktop/Star-Os/glibc-2.38/build/libc_pic.a(check_fds.os)
 .rodata.str1.1
                0x000000000000183c        0x1 /home/andrea/Desktop/Star-Os/glibc-2.38/build/libc_pic.a(fstat64.os)

.rodata.str1.16
                0x0000000000000000      0x525
 .rodata.str1.16
                0x0000000000000000      0x525 /home/andrea/Desktop/Star-Os/glibc-2.38/build/elf/dl-allobjs.os
                0x0000000000000390                _dl_hwcaps_subdirs
                0x00000000000003f0                __GI__itoa_lower_digits
                0x00000000000003f0                _itoa_lower_digits

.rodata.str1.8  0x0000000000000000     0x2ddf
 .rodata.str1.8
                0x0000000000000000     0x2da1 /home/andrea/Desktop/Star-Os/glibc-2.38/build/elf/dl-allobjs.os
 *fill*         0x0000000000002da1        0x7 
 .rodata.str1.8
                0x0000000000002da8       0x37 /home/andrea/Desktop/Star-Os/glibc-2.38/build/libc_pic.a(lowlevellock.os)

.rodata.str1.32
                0x0000000000000000       0x5b
 .rodata.str1.32
                0x0000000000000000       0x5b /home/andrea/Desktop/Star-Os/glibc-2.38/build/elf/dl-allobjs.os

.rodata.cst4    0x0000000000000000        0x8
 .rodata.cst4   0x0000000000000000        0x8 /home/andrea/Desktop/Star-Os/glibc-2.38/build/elf/dl-allobjs.os
                0x0000000000000004                __rseq_flags

.rodata.cst2    0x0000000000000000        0x4
 .rodata.cst2   0x0000000000000000        0x4 /home/andrea/Desktop/Star-Os/glibc-2.38/build/elf/dl-allobjs.os

.rodata.cst16   0x0000000000000000       0x30
 .rodata.cst16  0x0000000000000000       0x30 /home/andrea/Desktop/Star-Os/glibc-2.38/build/elf/dl-allobjs.os

.rodata.cst8    0x0000000000000000        0x8
 .rodata.cst8   0x0000000000000000        0x8 /home/andrea/Desktop/Star-Os/glibc-2.38/build/elf/dl-allobjs.os

.rodata.sse4.2  0x0000000000000000       0x80
 .rodata.sse4.2
                0x0000000000000000       0x40 /home/andrea/Desktop/Star-Os/glibc-2.38/build/libc_pic.a(strcmp-sse4_2.os)
 .rodata.sse4.2
                0x0000000000000040       0x40 /home/andrea/Desktop/Star-Os/glibc-2.38/build/libc_pic.a(strncmp-sse4_2.os)

.rodata1
 *(.rodata1)

.eh_frame_hdr
 *(.eh_frame_hdr)

.eh_frame       0x0000000000000000     0x50c4
 *(.eh_frame)
 .eh_frame      0x0000000000000000     0x33f0 /home/andrea/Desktop/Star-Os/glibc-2.38/build/elf/dl-allobjs.os
                                       0x3470 (size before relaxing)
 .eh_frame      0x00000000000033f0       0x68 /home/andrea/Desktop/Star-Os/glibc-2.38/build/libc_pic.a(check_fds.os)
 .eh_frame      0x0000000000003458       0x30 /home/andrea/Desktop/Star-Os/glibc-2.38/build/libc_pic.a(setjmp.os)
 .eh_frame      0x0000000000003488       0x48 /home/andrea/Desktop/Star-Os/glibc-2.38/build/libc_pic.a(__longjmp.os)
 .eh_frame      0x00000000000034d0       0x70 /home/andrea/Desktop/Star-Os/glibc-2.38/build/libc_pic.a(lowlevellock.os)
 .eh_frame      0x0000000000003540       0x48 /home/andrea/Desktop/Star-Os/glibc-2.38/build/libc_pic.a(scratch_buffer_set_array_size.os)
 .eh_frame      0x0000000000003588       0x30 /home/andrea/Desktop/Star-Os/glibc-2.38/build/libc_pic.a(memchr.os)
 .eh_frame      0x00000000000035b8       0x30 /home/andrea/Desktop/Star-Os/glibc-2.38/build/libc_pic.a(memcmp.os)
 .eh_frame      0x00000000000035e8       0x30 /home/andrea/Desktop/Star-Os/glibc-2.38/build/libc_pic.a(memcpy.os)
 .eh_frame      0x0000000000003618       0x30 /home/andrea/Desktop/Star-Os/glibc-2.38/build/libc_pic.a(memmove.os)
 .eh_frame      0x0000000000003648       0x30 /home/andrea/Desktop/Star-Os/glibc-2.38/build/libc_pic.a(mempcpy.os)
 .eh_frame      0x0000000000003678       0x30 /home/andrea/Desktop/Star-Os/glibc-2.38/build/libc_pic.a(memset.os)
 .eh_frame      0x00000000000036a8       0x30 /home/andrea/Desktop/Star-Os/glibc-2.38/build/libc_pic.a(stpcpy.os)
 .eh_frame      0x00000000000036d8       0x30 /home/andrea/Desktop/Star-Os/glibc-2.38/build/libc_pic.a(strchr.os)
 .eh_frame      0x0000000000003708       0x30 /home/andrea/Desktop/Star-Os/glibc-2.38/build/libc_pic.a(strcmp.os)
 .eh_frame      0x0000000000003738       0x30 /home/andrea/Desktop/Star-Os/glibc-2.38/build/libc_pic.a(strcspn.os)
 .eh_frame      0x0000000000003768       0x50 /home/andrea/Desktop/Star-Os/glibc-2.38/build/libc_pic.a(strdup.os)
 .eh_frame      0x00000000000037b8       0x30 /home/andrea/Desktop/Star-Os/glibc-2.38/build/libc_pic.a(strerrorname_np.os)
 .eh_frame      0x00000000000037e8       0x30 /home/andrea/Desktop/Star-Os/glibc-2.38/build/libc_pic.a(strlen.os)
 .eh_frame      0x0000000000003818       0x30 /home/andrea/Desktop/Star-Os/glibc-2.38/build/libc_pic.a(strncmp.os)
 .eh_frame      0x0000000000003848       0x30 /home/andrea/Desktop/Star-Os/glibc-2.38/build/libc_pic.a(strnlen.os)
 .eh_frame      0x0000000000003878       0x30 /home/andrea/Desktop/Star-Os/glibc-2.38/build/libc_pic.a(memchr-avx2.os)
 .eh_frame      0x00000000000038a8       0x30 /home/andrea/Desktop/Star-Os/glibc-2.38/build/libc_pic.a(memchr-avx2-rtm.os)
 .eh_frame      0x00000000000038d8       0x30 /home/andrea/Desktop/Star-Os/glibc-2.38/build/libc_pic.a(memchr-evex.os)
 .eh_frame      0x0000000000003908       0x30 /home/andrea/Desktop/Star-Os/glibc-2.38/build/libc_pic.a(memchr-evex-rtm.os)
 .eh_frame      0x0000000000003938       0x30 /home/andrea/Desktop/Star-Os/glibc-2.38/build/libc_pic.a(memchr-sse2.os)
 .eh_frame      0x0000000000003968       0x30 /home/andrea/Desktop/Star-Os/glibc-2.38/build/libc_pic.a(memcmp-avx2-movbe.os)
 .eh_frame      0x0000000000003998       0x30 /home/andrea/Desktop/Star-Os/glibc-2.38/build/libc_pic.a(memcmp-avx2-movbe-rtm.os)
 .eh_frame      0x00000000000039c8       0x30 /home/andrea/Desktop/Star-Os/glibc-2.38/build/libc_pic.a(memcmp-evex-movbe.os)
 .eh_frame      0x00000000000039f8       0x30 /home/andrea/Desktop/Star-Os/glibc-2.38/build/libc_pic.a(memcmp-sse2.os)
 .eh_frame      0x0000000000003a28       0xb8 /home/andrea/Desktop/Star-Os/glibc-2.38/build/libc_pic.a(memmove-avx-unaligned-erms.os)
 .eh_frame      0x0000000000003ae0       0xb8 /home/andrea/Desktop/Star-Os/glibc-2.38/build/libc_pic.a(memmove-avx-unaligned-erms-rtm.os)
 .eh_frame      0x0000000000003b98       0x68 /home/andrea/Desktop/Star-Os/glibc-2.38/build/libc_pic.a(memmove-avx512-no-vzeroupper.os)
 .eh_frame      0x0000000000003c00       0xb8 /home/andrea/Desktop/Star-Os/glibc-2.38/build/libc_pic.a(memmove-avx512-unaligned-erms.os)
 .eh_frame      0x0000000000003cb8       0x68 /home/andrea/Desktop/Star-Os/glibc-2.38/build/libc_pic.a(memmove-erms.os)
 .eh_frame      0x0000000000003d20       0xb8 /home/andrea/Desktop/Star-Os/glibc-2.38/build/libc_pic.a(memmove-evex-unaligned-erms.os)
 .eh_frame      0x0000000000003dd8       0xb8 /home/andrea/Desktop/Star-Os/glibc-2.38/build/libc_pic.a(memmove-sse2-unaligned-erms.os)
 .eh_frame      0x0000000000003e90       0x68 /home/andrea/Desktop/Star-Os/glibc-2.38/build/libc_pic.a(memmove-ssse3.os)
 .eh_frame      0x0000000000003ef8       0x90 /home/andrea/Desktop/Star-Os/glibc-2.38/build/libc_pic.a(memset-avx2-unaligned-erms.os)
 .eh_frame      0x0000000000003f88       0x90 /home/andrea/Desktop/Star-Os/glibc-2.38/build/libc_pic.a(memset-avx2-unaligned-erms-rtm.os)
 .eh_frame      0x0000000000004018       0x40 /home/andrea/Desktop/Star-Os/glibc-2.38/build/libc_pic.a(memset-avx512-no-vzeroupper.os)
 .eh_frame      0x0000000000004058       0x90 /home/andrea/Desktop/Star-Os/glibc-2.38/build/libc_pic.a(memset-avx512-unaligned-erms.os)
 .eh_frame      0x00000000000040e8       0x40 /home/andrea/Desktop/Star-Os/glibc-2.38/build/libc_pic.a(memset-erms.os)
 .eh_frame      0x0000000000004128       0x90 /home/andrea/Desktop/Star-Os/glibc-2.38/build/libc_pic.a(memset-evex-unaligned-erms.os)
 .eh_frame      0x00000000000041b8       0x90 /home/andrea/Desktop/Star-Os/glibc-2.38/build/libc_pic.a(memset-sse2-unaligned-erms.os)
 .eh_frame      0x0000000000004248       0x30 /home/andrea/Desktop/Star-Os/glibc-2.38/build/libc_pic.a(stpcpy-avx2.os)
 .eh_frame      0x0000000000004278       0x30 /home/andrea/Desktop/Star-Os/glibc-2.38/build/libc_pic.a(stpcpy-avx2-rtm.os)
 .eh_frame      0x00000000000042a8       0x30 /home/andrea/Desktop/Star-Os/glibc-2.38/build/libc_pic.a(stpcpy-evex.os)
 .eh_frame      0x00000000000042d8       0x30 /home/andrea/Desktop/Star-Os/glibc-2.38/build/libc_pic.a(stpcpy-sse2.os)
 .eh_frame      0x0000000000004308       0x30 /home/andrea/Desktop/Star-Os/glibc-2.38/build/libc_pic.a(stpcpy-sse2-unaligned.os)
 .eh_frame      0x0000000000004338       0x30 /home/andrea/Desktop/Star-Os/glibc-2.38/build/libc_pic.a(strchr-avx2.os)
 .eh_frame      0x0000000000004368       0x30 /home/andrea/Desktop/Star-Os/glibc-2.38/build/libc_pic.a(strchr-avx2-rtm.os)
 .eh_frame      0x0000000000004398       0x30 /home/andrea/Desktop/Star-Os/glibc-2.38/build/libc_pic.a(strchr-evex.os)
 .eh_frame      0x00000000000043c8       0x30 /home/andrea/Desktop/Star-Os/glibc-2.38/build/libc_pic.a(strchr-sse2.os)
 .eh_frame      0x00000000000043f8       0x30 /home/andrea/Desktop/Star-Os/glibc-2.38/build/libc_pic.a(strchr-sse2-no-bsf.os)
 .eh_frame      0x0000000000004428       0x30 /home/andrea/Desktop/Star-Os/glibc-2.38/build/libc_pic.a(strcmp-avx2.os)
 .eh_frame      0x0000000000004458       0x30 /home/andrea/Desktop/Star-Os/glibc-2.38/build/libc_pic.a(strcmp-avx2-rtm.os)
 .eh_frame      0x0000000000004488       0x30 /home/andrea/Desktop/Star-Os/glibc-2.38/build/libc_pic.a(strcmp-evex.os)
 .eh_frame      0x00000000000044b8       0x30 /home/andrea/Desktop/Star-Os/glibc-2.38/build/libc_pic.a(strcmp-sse2.os)
 .eh_frame      0x00000000000044e8       0x30 /home/andrea/Desktop/Star-Os/glibc-2.38/build/libc_pic.a(strcmp-sse2-unaligned.os)
 .eh_frame      0x0000000000004518       0x30 /home/andrea/Desktop/Star-Os/glibc-2.38/build/libc_pic.a(strcmp-sse4_2.os)
 .eh_frame      0x0000000000004548       0x30 /home/andrea/Desktop/Star-Os/glibc-2.38/build/libc_pic.a(strcspn-sse4.os)
 .eh_frame      0x0000000000004578       0x30 /home/andrea/Desktop/Star-Os/glibc-2.38/build/libc_pic.a(strlen-avx2.os)
 .eh_frame      0x00000000000045a8       0x30 /home/andrea/Desktop/Star-Os/glibc-2.38/build/libc_pic.a(strlen-avx2-rtm.os)
 .eh_frame      0x00000000000045d8       0x30 /home/andrea/Desktop/Star-Os/glibc-2.38/build/libc_pic.a(strlen-evex.os)
 .eh_frame      0x0000000000004608       0x30 /home/andrea/Desktop/Star-Os/glibc-2.38/build/libc_pic.a(strlen-sse2.os)
 .eh_frame      0x0000000000004638       0x30 /home/andrea/Desktop/Star-Os/glibc-2.38/build/libc_pic.a(strncmp-avx2.os)
 .eh_frame      0x0000000000004668       0x30 /home/andrea/Desktop/Star-Os/glibc-2.38/build/libc_pic.a(strncmp-avx2-rtm.os)
 .eh_frame      0x0000000000004698       0x30 /home/andrea/Desktop/Star-Os/glibc-2.38/build/libc_pic.a(strncmp-evex.os)
 .eh_frame      0x00000000000046c8       0x30 /home/andrea/Desktop/Star-Os/glibc-2.38/build/libc_pic.a(strncmp-sse2.os)
 .eh_frame      0x00000000000046f8       0x30 /home/andrea/Desktop/Star-Os/glibc-2.38/build/libc_pic.a(strncmp-sse4_2.os)
 .eh_frame      0x0000000000004728       0x30 /home/andrea/Desktop/Star-Os/glibc-2.38/build/libc_pic.a(strnlen-avx2.os)
 .eh_frame      0x0000000000004758       0x30 /home/andrea/Desktop/Star-Os/glibc-2.38/build/libc_pic.a(strnlen-avx2-rtm.os)
 .eh_frame      0x0000000000004788       0x30 /home/andrea/Desktop/Star-Os/glibc-2.38/build/libc_pic.a(strnlen-evex.os)
 .eh_frame      0x00000000000047b8       0x30 /home/andrea/Desktop/Star-Os/glibc-2.38/build/libc_pic.a(strnlen-sse2.os)
 .eh_frame      0x00000000000047e8       0x50 /home/andrea/Desktop/Star-Os/glibc-2.38/build/libc_pic.a(strcspn-generic.os)
 .eh_frame      0x0000000000004838       0x40 /home/andrea/Desktop/Star-Os/glibc-2.38/build/libc_pic.a(cacheinfo.os)
 .eh_frame      0x0000000000004878       0x38 /home/andrea/Desktop/Star-Os/glibc-2.38/build/libc_pic.a(closedir.os)
 .eh_frame      0x00000000000048b0       0x50 /home/andrea/Desktop/Star-Os/glibc-2.38/build/libc_pic.a(rewinddir.os)
 .eh_frame      0x0000000000004900       0x58 /home/andrea/Desktop/Star-Os/glibc-2.38/build/libc_pic.a(readdir64.os)
 .eh_frame      0x0000000000004958       0x48 /home/andrea/Desktop/Star-Os/glibc-2.38/build/libc_pic.a(fdopendir.os)
 .eh_frame      0x00000000000049a0       0x30 /home/andrea/Desktop/Star-Os/glibc-2.38/build/libc_pic.a(_exit.os)
 .eh_frame      0x00000000000049d0       0x30 /home/andrea/Desktop/Star-Os/glibc-2.38/build/libc_pic.a(getpid.os)
 .eh_frame      0x0000000000004a00       0x30 /home/andrea/Desktop/Star-Os/glibc-2.38/build/libc_pic.a(uname.os)
 .eh_frame      0x0000000000004a30       0x30 /home/andrea/Desktop/Star-Os/glibc-2.38/build/libc_pic.a(access.os)
 .eh_frame      0x0000000000004a60       0x30 /home/andrea/Desktop/Star-Os/glibc-2.38/build/libc_pic.a(fstat64.os)
 .eh_frame      0x0000000000004a90       0x30 /home/andrea/Desktop/Star-Os/glibc-2.38/build/libc_pic.a(fstatat64.os)
 .eh_frame      0x0000000000004ac0       0x30 /home/andrea/Desktop/Star-Os/glibc-2.38/build/libc_pic.a(lseek64.os)
 .eh_frame      0x0000000000004af0       0x30 /home/andrea/Desktop/Star-Os/glibc-2.38/build/libc_pic.a(lstat64.os)
 .eh_frame      0x0000000000004b20       0x40 /home/andrea/Desktop/Star-Os/glibc-2.38/build/libc_pic.a(openat64.os)
 .eh_frame      0x0000000000004b60       0x30 /home/andrea/Desktop/Star-Os/glibc-2.38/build/libc_pic.a(stat64.os)
 .eh_frame      0x0000000000004b90       0x30 /home/andrea/Desktop/Star-Os/glibc-2.38/build/libc_pic.a(close_nocancel.os)
 .eh_frame      0x0000000000004bc0       0x40 /home/andrea/Desktop/Star-Os/glibc-2.38/build/libc_pic.a(fcntl_nocancel.os)
 .eh_frame      0x0000000000004c00       0x30 /home/andrea/Desktop/Star-Os/glibc-2.38/build/libc_pic.a(open64_nocancel.os)
 .eh_frame      0x0000000000004c30       0x30 /home/andrea/Desktop/Star-Os/glibc-2.38/build/libc_pic.a(pread64_nocancel.os)
 .eh_frame      0x0000000000004c60       0x30 /home/andrea/Desktop/Star-Os/glibc-2.38/build/libc_pic.a(read_nocancel.os)
 .eh_frame      0x0000000000004c90       0x30 /home/andrea/Desktop/Star-Os/glibc-2.38/build/libc_pic.a(write_nocancel.os)
 .eh_frame      0x0000000000004cc0       0x48 /home/andrea/Desktop/Star-Os/glibc-2.38/build/libc_pic.a(mmap64.os)
 .eh_frame      0x0000000000004d08       0x30 /home/andrea/Desktop/Star-Os/glibc-2.38/build/libc_pic.a(mprotect.os)
 .eh_frame      0x0000000000004d38       0x30 /home/andrea/Desktop/Star-Os/glibc-2.38/build/libc_pic.a(munmap.os)
 .eh_frame      0x0000000000004d68       0x88 /home/andrea/Desktop/Star-Os/glibc-2.38/build/libc_pic.a(profil.os)
 .eh_frame      0x0000000000004df0       0x30 /home/andrea/Desktop/Star-Os/glibc-2.38/build/libc_pic.a(prof-freq.os)
 .eh_frame      0x0000000000004e20       0x30 /home/andrea/Desktop/Star-Os/glibc-2.38/build/libc_pic.a(dl-addr-obj.os)
 .eh_frame      0x0000000000004e50       0x30 /home/andrea/Desktop/Star-Os/glibc-2.38/build/libc_pic.a(sigaction.os)
 .eh_frame      0x0000000000004e80       0xc8 /home/andrea/Desktop/Star-Os/glibc-2.38/build/libc_pic.a(libc_sigaction.os)
                                         0xd0 (size before relaxing)
 .eh_frame      0x0000000000004f48       0x30 /home/andrea/Desktop/Star-Os/glibc-2.38/build/libc_pic.a(errname.os)
 .eh_frame      0x0000000000004f78       0x30 /home/andrea/Desktop/Star-Os/glibc-2.38/build/libc_pic.a(strchrnul.os)
 .eh_frame      0x0000000000004fa8       0x30 /home/andrea/Desktop/Star-Os/glibc-2.38/build/libc_pic.a(strchrnul-avx2.os)
 .eh_frame      0x0000000000004fd8       0x30 /home/andrea/Desktop/Star-Os/glibc-2.38/build/libc_pic.a(strchrnul-avx2-rtm.os)
 .eh_frame      0x0000000000005008       0x30 /home/andrea/Desktop/Star-Os/glibc-2.38/build/libc_pic.a(strchrnul-evex.os)
 .eh_frame      0x0000000000005038       0x30 /home/andrea/Desktop/Star-Os/glibc-2.38/build/libc_pic.a(strchrnul-sse2.os)
 .eh_frame      0x0000000000005068       0x30 /home/andrea/Desktop/Star-Os/glibc-2.38/build/libc_pic.a(setitimer.os)
 .eh_frame      0x0000000000005098       0x2c /home/andrea/Desktop/Star-Os/glibc-2.38/build/libc_pic.a(getdents64.os)
                                         0x30 (size before relaxing)

.sframe
 *(.sframe)

.gcc_except_table
 *(.gcc_except_table)

.gnu_extab
 *(.gnu_extab*)

.exception_ranges
 *(.exception_ranges)

.eh_frame
 *(.eh_frame)

.sframe
 *(.sframe)

.gnu_extab
 *(.gnu_extab)

.gcc_except_table
 *(.gcc_except_table)

.exception_ranges
 *(.exception_ranges)

.tdata
 *(.tdata)

.tbss           0x0000000000000000        0x4
 *(.tbss)
 .tbss          0x0000000000000000        0x4 /home/andrea/Desktop/Star-Os/glibc-2.38/build/libc_pic.a(errno.os)
                0x0000000000000000                errno
                0x0000000000000000                __libc_errno

.jcr
 *(.jcr)

.dynamic
 *(.dynamic)

.got
 *(.got)

.got.plt
 *(.got.plt)

.data           0x0000000000000000     0x1118
 *(.data)
 .data          0x0000000000000000        0x0 /home/andrea/Desktop/Star-Os/glibc-2.38/build/elf/librtld.mapT.o
 .data          0x0000000000000000     0x10e8 /home/andrea/Desktop/Star-Os/glibc-2.38/build/elf/dl-allobjs.os
                0x0000000000000000                _rtld_global
                0x0000000000000000                _rtld_local
 .data          0x00000000000010e8        0x0 /home/andrea/Desktop/Star-Os/glibc-2.38/build/libc_pic.a(check_fds.os)
 .data          0x00000000000010e8        0x0 /home/andrea/Desktop/Star-Os/glibc-2.38/build/libc_pic.a(errno.os)
 .data          0x00000000000010e8        0x0 /home/andrea/Desktop/Star-Os/glibc-2.38/build/libc_pic.a(setjmp.os)
 .data          0x00000000000010e8        0x0 /home/andrea/Desktop/Star-Os/glibc-2.38/build/libc_pic.a(__longjmp.os)
 .data          0x00000000000010e8        0x0 /home/andrea/Desktop/Star-Os/glibc-2.38/build/libc_pic.a(lowlevellock.os)
 .data          0x00000000000010e8        0x0 /home/andrea/Desktop/Star-Os/glibc-2.38/build/libc_pic.a(scratch_buffer_set_array_size.os)
 .data          0x00000000000010e8        0x0 /home/andrea/Desktop/Star-Os/glibc-2.38/build/libc_pic.a(memchr.os)
 .data          0x00000000000010e8        0x0 /home/andrea/Desktop/Star-Os/glibc-2.38/build/libc_pic.a(memcmp.os)
 .data          0x00000000000010e8        0x0 /home/andrea/Desktop/Star-Os/glibc-2.38/build/libc_pic.a(memcpy.os)
 .data          0x00000000000010e8        0x0 /home/andrea/Desktop/Star-Os/glibc-2.38/build/libc_pic.a(memmove.os)
 .data          0x00000000000010e8        0x0 /home/andrea/Desktop/Star-Os/glibc-2.38/build/libc_pic.a(mempcpy.os)
 .data          0x00000000000010e8        0x0 /home/andrea/Desktop/Star-Os/glibc-2.38/build/libc_pic.a(memset.os)
 .data          0x00000000000010e8        0x0 /home/andrea/Desktop/Star-Os/glibc-2.38/build/libc_pic.a(stpcpy.os)
 .data          0x00000000000010e8        0x0 /home/andrea/Desktop/Star-Os/glibc-2.38/build/libc_pic.a(strchr.os)
 .data          0x00000000000010e8        0x0 /home/andrea/Desktop/Star-Os/glibc-2.38/build/libc_pic.a(strcmp.os)
 .data          0x00000000000010e8        0x0 /home/andrea/Desktop/Star-Os/glibc-2.38/build/libc_pic.a(strcspn.os)
 .data          0x00000000000010e8        0x0 /home/andrea/Desktop/Star-Os/glibc-2.38/build/libc_pic.a(strdup.os)
 .data          0x00000000000010e8        0x0 /home/andrea/Desktop/Star-Os/glibc-2.38/build/libc_pic.a(strerrorname_np.os)
 .data          0x00000000000010e8        0x0 /home/andrea/Desktop/Star-Os/glibc-2.38/build/libc_pic.a(strlen.os)
 .data          0x00000000000010e8        0x0 /home/andrea/Desktop/Star-Os/glibc-2.38/build/libc_pic.a(strncmp.os)
 .data          0x00000000000010e8        0x0 /home/andrea/Desktop/Star-Os/glibc-2.38/build/libc_pic.a(strnlen.os)
 .data          0x00000000000010e8        0x0 /home/andrea/Desktop/Star-Os/glibc-2.38/build/libc_pic.a(memchr-avx2.os)
 .data          0x00000000000010e8        0x0 /home/andrea/Desktop/Star-Os/glibc-2.38/build/libc_pic.a(memchr-avx2-rtm.os)
 .data          0x00000000000010e8        0x0 /home/andrea/Desktop/Star-Os/glibc-2.38/build/libc_pic.a(memchr-evex.os)
 .data          0x00000000000010e8        0x0 /home/andrea/Desktop/Star-Os/glibc-2.38/build/libc_pic.a(memchr-evex-rtm.os)
 .data          0x00000000000010e8        0x0 /home/andrea/Desktop/Star-Os/glibc-2.38/build/libc_pic.a(memchr-sse2.os)
 .data          0x00000000000010e8        0x0 /home/andrea/Desktop/Star-Os/glibc-2.38/build/libc_pic.a(memcmp-avx2-movbe.os)
 .data          0x00000000000010e8        0x0 /home/andrea/Desktop/Star-Os/glibc-2.38/build/libc_pic.a(memcmp-avx2-movbe-rtm.os)
 .data          0x00000000000010e8        0x0 /home/andrea/Desktop/Star-Os/glibc-2.38/build/libc_pic.a(memcmp-evex-movbe.os)
 .data          0x00000000000010e8        0x0 /home/andrea/Desktop/Star-Os/glibc-2.38/build/libc_pic.a(memcmp-sse2.os)
 .data          0x00000000000010e8        0x0 /home/andrea/Desktop/Star-Os/glibc-2.38/build/libc_pic.a(memmove-avx-unaligned-erms.os)
 .data          0x00000000000010e8        0x0 /home/andrea/Desktop/Star-Os/glibc-2.38/build/libc_pic.a(memmove-avx-unaligned-erms-rtm.os)
 .data          0x00000000000010e8        0x0 /home/andrea/Desktop/Star-Os/glibc-2.38/build/libc_pic.a(memmove-avx512-no-vzeroupper.os)
 .data          0x00000000000010e8        0x0 /home/andrea/Desktop/Star-Os/glibc-2.38/build/libc_pic.a(memmove-avx512-unaligned-erms.os)
 .data          0x00000000000010e8        0x0 /home/andrea/Desktop/Star-Os/glibc-2.38/build/libc_pic.a(memmove-erms.os)
 .data          0x00000000000010e8        0x0 /home/andrea/Desktop/Star-Os/glibc-2.38/build/libc_pic.a(memmove-evex-unaligned-erms.os)
 .data          0x00000000000010e8        0x0 /home/andrea/Desktop/Star-Os/glibc-2.38/build/libc_pic.a(memmove-sse2-unaligned-erms.os)
 .data          0x00000000000010e8        0x0 /home/andrea/Desktop/Star-Os/glibc-2.38/build/libc_pic.a(memmove-ssse3.os)
 .data          0x00000000000010e8        0x0 /home/andrea/Desktop/Star-Os/glibc-2.38/build/libc_pic.a(memset-avx2-unaligned-erms.os)
 .data          0x00000000000010e8        0x0 /home/andrea/Desktop/Star-Os/glibc-2.38/build/libc_pic.a(memset-avx2-unaligned-erms-rtm.os)
 .data          0x00000000000010e8        0x0 /home/andrea/Desktop/Star-Os/glibc-2.38/build/libc_pic.a(memset-avx512-no-vzeroupper.os)
 .data          0x00000000000010e8        0x0 /home/andrea/Desktop/Star-Os/glibc-2.38/build/libc_pic.a(memset-avx512-unaligned-erms.os)
 .data          0x00000000000010e8        0x0 /home/andrea/Desktop/Star-Os/glibc-2.38/build/libc_pic.a(memset-erms.os)
 .data          0x00000000000010e8        0x0 /home/andrea/Desktop/Star-Os/glibc-2.38/build/libc_pic.a(memset-evex-unaligned-erms.os)
 .data          0x00000000000010e8        0x0 /home/andrea/Desktop/Star-Os/glibc-2.38/build/libc_pic.a(memset-sse2-unaligned-erms.os)
 .data          0x00000000000010e8        0x0 /home/andrea/Desktop/Star-Os/glibc-2.38/build/libc_pic.a(stpcpy-avx2.os)
 .data          0x00000000000010e8        0x0 /home/andrea/Desktop/Star-Os/glibc-2.38/build/libc_pic.a(stpcpy-avx2-rtm.os)
 .data          0x00000000000010e8        0x0 /home/andrea/Desktop/Star-Os/glibc-2.38/build/libc_pic.a(stpcpy-evex.os)
 .data          0x00000000000010e8        0x0 /home/andrea/Desktop/Star-Os/glibc-2.38/build/libc_pic.a(stpcpy-sse2.os)
 .data          0x00000000000010e8        0x0 /home/andrea/Desktop/Star-Os/glibc-2.38/build/libc_pic.a(stpcpy-sse2-unaligned.os)
 .data          0x00000000000010e8        0x0 /home/andrea/Desktop/Star-Os/glibc-2.38/build/libc_pic.a(strchr-avx2.os)
 .data          0x00000000000010e8        0x0 /home/andrea/Desktop/Star-Os/glibc-2.38/build/libc_pic.a(strchr-avx2-rtm.os)
 .data          0x00000000000010e8        0x0 /home/andrea/Desktop/Star-Os/glibc-2.38/build/libc_pic.a(strchr-evex.os)
 .data          0x00000000000010e8        0x0 /home/andrea/Desktop/Star-Os/glibc-2.38/build/libc_pic.a(strchr-sse2.os)
 .data          0x00000000000010e8        0x0 /home/andrea/Desktop/Star-Os/glibc-2.38/build/libc_pic.a(strchr-sse2-no-bsf.os)
 .data          0x00000000000010e8        0x0 /home/andrea/Desktop/Star-Os/glibc-2.38/build/libc_pic.a(strcmp-avx2.os)
 .data          0x00000000000010e8        0x0 /home/andrea/Desktop/Star-Os/glibc-2.38/build/libc_pic.a(strcmp-avx2-rtm.os)
 .data          0x00000000000010e8        0x0 /home/andrea/Desktop/Star-Os/glibc-2.38/build/libc_pic.a(strcmp-evex.os)
 .data          0x00000000000010e8        0x0 /home/andrea/Desktop/Star-Os/glibc-2.38/build/libc_pic.a(strcmp-sse2.os)
 .data          0x00000000000010e8        0x0 /home/andrea/Desktop/Star-Os/glibc-2.38/build/libc_pic.a(strcmp-sse2-unaligned.os)
 .data          0x00000000000010e8        0x0 /home/andrea/Desktop/Star-Os/glibc-2.38/build/libc_pic.a(strcmp-sse4_2.os)
 .data          0x00000000000010e8        0x0 /home/andrea/Desktop/Star-Os/glibc-2.38/build/libc_pic.a(strcspn-sse4.os)
 .data          0x00000000000010e8        0x0 /home/andrea/Desktop/Star-Os/glibc-2.38/build/libc_pic.a(strlen-avx2.os)
 .data          0x00000000000010e8        0x0 /home/andrea/Desktop/Star-Os/glibc-2.38/build/libc_pic.a(strlen-avx2-rtm.os)
 .data          0x00000000000010e8        0x0 /home/andrea/Desktop/Star-Os/glibc-2.38/build/libc_pic.a(strlen-evex.os)
 .data          0x00000000000010e8        0x0 /home/andrea/Desktop/Star-Os/glibc-2.38/build/libc_pic.a(strlen-sse2.os)
 .data          0x00000000000010e8        0x0 /home/andrea/Desktop/Star-Os/glibc-2.38/build/libc_pic.a(strncmp-avx2.os)
 .data          0x00000000000010e8        0x0 /home/andrea/Desktop/Star-Os/glibc-2.38/build/libc_pic.a(strncmp-avx2-rtm.os)
 .data          0x00000000000010e8        0x0 /home/andrea/Desktop/Star-Os/glibc-2.38/build/libc_pic.a(strncmp-evex.os)
 .data          0x00000000000010e8        0x0 /home/andrea/Desktop/Star-Os/glibc-2.38/build/libc_pic.a(strncmp-sse2.os)
 .data          0x00000000000010e8        0x0 /home/andrea/Desktop/Star-Os/glibc-2.38/build/libc_pic.a(strncmp-sse4_2.os)
 .data          0x00000000000010e8        0x0 /home/andrea/Desktop/Star-Os/glibc-2.38/build/libc_pic.a(strnlen-avx2.os)
 .data          0x00000000000010e8        0x0 /home/andrea/Desktop/Star-Os/glibc-2.38/build/libc_pic.a(strnlen-avx2-rtm.os)
 .data          0x00000000000010e8        0x0 /home/andrea/Desktop/Star-Os/glibc-2.38/build/libc_pic.a(strnlen-evex.os)
 .data          0x00000000000010e8        0x0 /home/andrea/Desktop/Star-Os/glibc-2.38/build/libc_pic.a(strnlen-sse2.os)
 .data          0x00000000000010e8        0x0 /home/andrea/Desktop/Star-Os/glibc-2.38/build/libc_pic.a(varshift.os)
 .data          0x00000000000010e8        0x0 /home/andrea/Desktop/Star-Os/glibc-2.38/build/libc_pic.a(strcspn-generic.os)
 .data          0x00000000000010e8       0x30 /home/andrea/Desktop/Star-Os/glibc-2.38/build/libc_pic.a(cacheinfo.os)
                0x00000000000010e8                __x86_rep_stosb_threshold
                0x00000000000010f0                __x86_rep_movsb_threshold
                0x00000000000010f8                __x86_shared_cache_size
                0x0000000000001100                __x86_shared_cache_size_half
                0x0000000000001108                __x86_data_cache_size
                0x0000000000001110                __x86_data_cache_size_half
 .data          0x0000000000001118        0x0 /home/andrea/Desktop/Star-Os/glibc-2.38/build/libc_pic.a(closedir.os)
 .data          0x0000000000001118        0x0 /home/andrea/Desktop/Star-Os/glibc-2.38/build/libc_pic.a(rewinddir.os)
 .data          0x0000000000001118        0x0 /home/andrea/Desktop/Star-Os/glibc-2.38/build/libc_pic.a(readdir64.os)
 .data          0x0000000000001118        0x0 /home/andrea/Desktop/Star-Os/glibc-2.38/build/libc_pic.a(fdopendir.os)
 .data          0x0000000000001118        0x0 /home/andrea/Desktop/Star-Os/glibc-2.38/build/libc_pic.a(_exit.os)
 .data          0x0000000000001118        0x0 /home/andrea/Desktop/Star-Os/glibc-2.38/build/libc_pic.a(getpid.os)
 .data          0x0000000000001118        0x0 /home/andrea/Desktop/Star-Os/glibc-2.38/build/libc_pic.a(uname.os)
 .data          0x0000000000001118        0x0 /home/andrea/Desktop/Star-Os/glibc-2.38/build/libc_pic.a(environ.os)
 .data          0x0000000000001118        0x0 /home/andrea/Desktop/Star-Os/glibc-2.38/build/libc_pic.a(access.os)
 .data          0x0000000000001118        0x0 /home/andrea/Desktop/Star-Os/glibc-2.38/build/libc_pic.a(fstat64.os)
 .data          0x0000000000001118        0x0 /home/andrea/Desktop/Star-Os/glibc-2.38/build/libc_pic.a(fstatat64.os)
 .data          0x0000000000001118        0x0 /home/andrea/Desktop/Star-Os/glibc-2.38/build/libc_pic.a(lseek64.os)
 .data          0x0000000000001118        0x0 /home/andrea/Desktop/Star-Os/glibc-2.38/build/libc_pic.a(lstat64.os)
 .data          0x0000000000001118        0x0 /home/andrea/Desktop/Star-Os/glibc-2.38/build/libc_pic.a(openat64.os)
 .data          0x0000000000001118        0x0 /home/andrea/Desktop/Star-Os/glibc-2.38/build/libc_pic.a(stat64.os)
 .data          0x0000000000001118        0x0 /home/andrea/Desktop/Star-Os/glibc-2.38/build/libc_pic.a(close_nocancel.os)
 .data          0x0000000000001118        0x0 /home/andrea/Desktop/Star-Os/glibc-2.38/build/libc_pic.a(fcntl_nocancel.os)
 .data          0x0000000000001118        0x0 /home/andrea/Desktop/Star-Os/glibc-2.38/build/libc_pic.a(open64_nocancel.os)
 .data          0x0000000000001118        0x0 /home/andrea/Desktop/Star-Os/glibc-2.38/build/libc_pic.a(pread64_nocancel.os)
 .data          0x0000000000001118        0x0 /home/andrea/Desktop/Star-Os/glibc-2.38/build/libc_pic.a(read_nocancel.os)
 .data          0x0000000000001118        0x0 /home/andrea/Desktop/Star-Os/glibc-2.38/build/libc_pic.a(write_nocancel.os)
 .data          0x0000000000001118        0x0 /home/andrea/Desktop/Star-Os/glibc-2.38/build/libc_pic.a(mmap64.os)
 .data          0x0000000000001118        0x0 /home/andrea/Desktop/Star-Os/glibc-2.38/build/libc_pic.a(mprotect.os)
 .data          0x0000000000001118        0x0 /home/andrea/Desktop/Star-Os/glibc-2.38/build/libc_pic.a(munmap.os)
 .data          0x0000000000001118        0x0 /home/andrea/Desktop/Star-Os/glibc-2.38/build/libc_pic.a(single_threaded.os)
 .data          0x0000000000001118        0x0 /home/andrea/Desktop/Star-Os/glibc-2.38/build/libc_pic.a(profil.os)